Archive member included to satisfy reference by file (symbol)

/Applications/STM32CubeIDE.app/Contents/Eclipse/plugins/com.st.stm32cube.ide.mcu.externaltools.gnu-tools-for-stm32.13.3.rel1.macos64_1.0.0.202411102158/tools/bin/../lib/gcc/arm-none-eabi/13.3.1/../../../../arm-none-eabi/lib/thumb/v7e-m+fp/hard/libc_nano.a(libc_a-exit.o)
                              /Applications/STM32CubeIDE.app/Contents/Eclipse/plugins/com.st.stm32cube.ide.mcu.externaltools.gnu-tools-for-stm32.13.3.rel1.macos64_1.0.0.202411102158/tools/bin/../lib/gcc/arm-none-eabi/13.3.1/../../../../arm-none-eabi/lib/thumb/v7e-m+fp/hard/crt0.o (exit)
/Applications/STM32CubeIDE.app/Contents/Eclipse/plugins/com.st.stm32cube.ide.mcu.externaltools.gnu-tools-for-stm32.13.3.rel1.macos64_1.0.0.202411102158/tools/bin/../lib/gcc/arm-none-eabi/13.3.1/../../../../arm-none-eabi/lib/thumb/v7e-m+fp/hard/libc_nano.a(libc_a-malloc.o)
                              ./Core/Inc/st7735/st7735.o (malloc)
/Applications/STM32CubeIDE.app/Contents/Eclipse/plugins/com.st.stm32cube.ide.mcu.externaltools.gnu-tools-for-stm32.13.3.rel1.macos64_1.0.0.202411102158/tools/bin/../lib/gcc/arm-none-eabi/13.3.1/../../../../arm-none-eabi/lib/thumb/v7e-m+fp/hard/libc_nano.a(libc_a-mallocr.o)
                              /Applications/STM32CubeIDE.app/Contents/Eclipse/plugins/com.st.stm32cube.ide.mcu.externaltools.gnu-tools-for-stm32.13.3.rel1.macos64_1.0.0.202411102158/tools/bin/../lib/gcc/arm-none-eabi/13.3.1/../../../../arm-none-eabi/lib/thumb/v7e-m+fp/hard/libc_nano.a(libc_a-malloc.o) (_malloc_r)
/Applications/STM32CubeIDE.app/Contents/Eclipse/plugins/com.st.stm32cube.ide.mcu.externaltools.gnu-tools-for-stm32.13.3.rel1.macos64_1.0.0.202411102158/tools/bin/../lib/gcc/arm-none-eabi/13.3.1/../../../../arm-none-eabi/lib/thumb/v7e-m+fp/hard/libc_nano.a(libc_a-mlock.o)
                              /Applications/STM32CubeIDE.app/Contents/Eclipse/plugins/com.st.stm32cube.ide.mcu.externaltools.gnu-tools-for-stm32.13.3.rel1.macos64_1.0.0.202411102158/tools/bin/../lib/gcc/arm-none-eabi/13.3.1/../../../../arm-none-eabi/lib/thumb/v7e-m+fp/hard/libc_nano.a(libc_a-mallocr.o) (__malloc_lock)
/Applications/STM32CubeIDE.app/Contents/Eclipse/plugins/com.st.stm32cube.ide.mcu.externaltools.gnu-tools-for-stm32.13.3.rel1.macos64_1.0.0.202411102158/tools/bin/../lib/gcc/arm-none-eabi/13.3.1/../../../../arm-none-eabi/lib/thumb/v7e-m+fp/hard/libc_nano.a(libc_a-findfp.o)
                              /Applications/STM32CubeIDE.app/Contents/Eclipse/plugins/com.st.stm32cube.ide.mcu.externaltools.gnu-tools-for-stm32.13.3.rel1.macos64_1.0.0.202411102158/tools/bin/../lib/gcc/arm-none-eabi/13.3.1/../../../../arm-none-eabi/lib/thumb/v7e-m+fp/hard/libc_nano.a(libc_a-exit.o) (__stdio_exit_handler)
/Applications/STM32CubeIDE.app/Contents/Eclipse/plugins/com.st.stm32cube.ide.mcu.externaltools.gnu-tools-for-stm32.13.3.rel1.macos64_1.0.0.202411102158/tools/bin/../lib/gcc/arm-none-eabi/13.3.1/../../../../arm-none-eabi/lib/thumb/v7e-m+fp/hard/libc_nano.a(libc_a-fwalk.o)
                              /Applications/STM32CubeIDE.app/Contents/Eclipse/plugins/com.st.stm32cube.ide.mcu.externaltools.gnu-tools-for-stm32.13.3.rel1.macos64_1.0.0.202411102158/tools/bin/../lib/gcc/arm-none-eabi/13.3.1/../../../../arm-none-eabi/lib/thumb/v7e-m+fp/hard/libc_nano.a(libc_a-findfp.o) (_fwalk_sglue)
/Applications/STM32CubeIDE.app/Contents/Eclipse/plugins/com.st.stm32cube.ide.mcu.externaltools.gnu-tools-for-stm32.13.3.rel1.macos64_1.0.0.202411102158/tools/bin/../lib/gcc/arm-none-eabi/13.3.1/../../../../arm-none-eabi/lib/thumb/v7e-m+fp/hard/libc_nano.a(libc_a-memset.o)
                              /Applications/STM32CubeIDE.app/Contents/Eclipse/plugins/com.st.stm32cube.ide.mcu.externaltools.gnu-tools-for-stm32.13.3.rel1.macos64_1.0.0.202411102158/tools/bin/../lib/gcc/arm-none-eabi/13.3.1/../../../../arm-none-eabi/lib/thumb/v7e-m+fp/hard/crt0.o (memset)
/Applications/STM32CubeIDE.app/Contents/Eclipse/plugins/com.st.stm32cube.ide.mcu.externaltools.gnu-tools-for-stm32.13.3.rel1.macos64_1.0.0.202411102158/tools/bin/../lib/gcc/arm-none-eabi/13.3.1/../../../../arm-none-eabi/lib/thumb/v7e-m+fp/hard/libc_nano.a(libc_a-sbrkr.o)
                              /Applications/STM32CubeIDE.app/Contents/Eclipse/plugins/com.st.stm32cube.ide.mcu.externaltools.gnu-tools-for-stm32.13.3.rel1.macos64_1.0.0.202411102158/tools/bin/../lib/gcc/arm-none-eabi/13.3.1/../../../../arm-none-eabi/lib/thumb/v7e-m+fp/hard/libc_nano.a(libc_a-mallocr.o) (_sbrk_r)
/Applications/STM32CubeIDE.app/Contents/Eclipse/plugins/com.st.stm32cube.ide.mcu.externaltools.gnu-tools-for-stm32.13.3.rel1.macos64_1.0.0.202411102158/tools/bin/../lib/gcc/arm-none-eabi/13.3.1/../../../../arm-none-eabi/lib/thumb/v7e-m+fp/hard/libc_nano.a(libc_a-errno.o)
                              ./Core/Src/syscalls.o (__errno)
[...]
Memory Configuration

Name             Origin             Length             Attributes
RAM              0x20000000         0x00018000         xrw
FLASH            0x08000000         0x00080000         xr
*default*        0x00000000         0xffffffff

Linker script and memory map

LOAD /Applications/STM32CubeIDE.app/Contents/Eclipse/plugins/com.st.stm32cube.ide.mcu.externaltools.gnu-tools-for-stm32.13.3.rel1.macos64_1.0.0.202411102158/tools/bin/../lib/gcc/arm-none-eabi/13.3.1/thumb/v7e-m+fp/hard/crti.o
LOAD /Applications/STM32CubeIDE.app/Contents/Eclipse/plugins/com.st.stm32cube.ide.mcu.externaltools.gnu-tools-for-stm32.13.3.rel1.macos64_1.0.0.202411102158/tools/bin/../lib/gcc/arm-none-eabi/13.3.1/thumb/v7e-m+fp/hard/crtbegin.o
LOAD /Applications/STM32CubeIDE.app/Contents/Eclipse/plugins/com.st.stm32cube.ide.mcu.externaltools.gnu-tools-for-stm32.13.3.rel1.macos64_1.0.0.202411102158/tools/bin/../lib/gcc/arm-none-eabi/13.3.1/../../../../arm-none-eabi/lib/thumb/v7e-m+fp/hard/crt0.o
LOAD ./Core/Inc/st7735/fonts.o
LOAD ./Core/Inc/st7735/st7735.o
LOAD ./Core/Src/audio.o
LOAD ./Core/Src/button.o
LOAD ./Core/Src/game.o
LOAD ./Core/Src/main.o
LOAD ./Core/Src/random.o
LOAD ./Core/Src/slider.o
LOAD ./Core/Src/stm32f4xx_hal_msp.o
LOAD ./Core/Src/stm32f4xx_it.o
LOAD ./Core/Src/syscalls.o
LOAD ./Core/Src/sysmem.o
LOAD ./Core/Src/system_stm32f4xx.o
LOAD ./Core/Startup/startup_stm32f401retx.o
LOAD ./Drivers/STM32F4xx_HAL_Driver/Src/stm32f4xx_hal.o
LOAD ./Drivers/STM32F4xx_HAL_Driver/Src/stm32f4xx_hal_adc.o
LOAD ./Drivers/STM32F4xx_HAL_Driver/Src/stm32f4xx_hal_adc_ex.o
LOAD ./Drivers/STM32F4xx_HAL_Driver/Src/stm32f4xx_hal_cortex.o
LOAD ./Drivers/STM32F4xx_HAL_Driver/Src/stm32f4xx_hal_dma.o
LOAD ./Drivers/STM32F4xx_HAL_Driver/Src/stm32f4xx_hal_dma_ex.o
LOAD ./Drivers/STM32F4xx_HAL_Driver/Src/stm32f4xx_hal_exti.o
LOAD ./Drivers/STM32F4xx_HAL_Driver/Src/stm32f4xx_hal_flash.o
LOAD ./Drivers/STM32F4xx_HAL_Driver/Src/stm32f4xx_hal_flash_ex.o
LOAD ./Drivers/STM32F4xx_HAL_Driver/Src/stm32f4xx_hal_flash_ramfunc.o
LOAD ./Drivers/STM32F4xx_HAL_Driver/Src/stm32f4xx_hal_gpio.o
LOAD ./Drivers/STM32F4xx_HAL_Driver/Src/stm32f4xx_hal_pwr.o
LOAD ./Drivers/STM32F4xx_HAL_Driver/Src/stm32f4xx_hal_pwr_ex.o
LOAD ./Drivers/STM32F4xx_HAL_Driver/Src/stm32f4xx_hal_rcc.o
LOAD ./Drivers/STM32F4xx_HAL_Driver/Src/stm32f4xx_hal_rcc_ex.o
LOAD ./Drivers/STM32F4xx_HAL_Driver/Src/stm32f4xx_hal_spi.o
LOAD ./Drivers/STM32F4xx_HAL_Driver/Src/stm32f4xx_hal_tim.o
LOAD ./Drivers/STM32F4xx_HAL_Driver/Src/stm32f4xx_hal_tim_ex.o
LOAD ./Drivers/STM32F4xx_HAL_Driver/Src/stm32f4xx_hal_uart.o
LOAD ./Drivers/STM32F4xx_HAL_Driver/Src/stm32f4xx_ll_adc.o
START GROUP
LOAD /Applications/STM32CubeIDE.app/Contents/Eclipse/plugins/com.st.stm32cube.ide.mcu.externaltools.gnu-tools-for-stm32.13.3.rel1.macos64_1.0.0.202411102158/tools/bin/../lib/gcc/arm-none-eabi/13.3.1/../../../../arm-none-eabi/lib/thumb/v7e-m+fp/hard/libc_nano.a
LOAD /Applications/STM32CubeIDE.app/Contents/Eclipse/plugins/com.st.stm32cube.ide.mcu.externaltools.gnu-tools-for-stm32.13.3.rel1.macos64_1.0.0.202411102158/tools/bin/../lib/gcc/arm-none-eabi/13.3.1/../../../../arm-none-eabi/lib/thumb/v7e-m+fp/hard/libm.a
END GROUP
START GROUP
LOAD /Applications/STM32CubeIDE.app/Contents/Eclipse/plugins/com.st.stm32cube.ide.mcu.externaltools.gnu-tools-for-stm32.13.3.rel1.macos64_1.0.0.202411102158/tools/bin/../lib/gcc/arm-none-eabi/13.3.1/thumb/v7e-m+fp/hard/libgcc.a
LOAD /Applications/STM32CubeIDE.app/Contents/Eclipse/plugins/com.st.stm32cube.ide.mcu.externaltools.gnu-tools-for-stm32.13.3.rel1.macos64_1.0.0.202411102158/tools/bin/../lib/gcc/arm-none-eabi/13.3.1/../../../../arm-none-eabi/lib/thumb/v7e-m+fp/hard/libc_nano.a
END GROUP
START GROUP
LOAD /Applications/STM32CubeIDE.app/Contents/Eclipse/plugins/com.st.stm32cube.ide.mcu.externaltools.gnu-tools-for-stm32.13.3.rel1.macos64_1.0.0.202411102158/tools/bin/../lib/gcc/arm-none-eabi/13.3.1/thumb/v7e-m+fp/hard/libgcc.a
LOAD /Applications/STM32CubeIDE.app/Contents/Eclipse/plugins/com.st.stm32cube.ide.mcu.externaltools.gnu-tools-for-stm32.13.3.rel1.macos64_1.0.0.202411102158/tools/bin/../lib/gcc/arm-none-eabi/13.3.1/../../../../arm-none-eabi/lib/thumb/v7e-m+fp/hard/libc_nano.a
LOAD /Applications/STM32CubeIDE.app/Contents/Eclipse/plugins/com.st.stm32cube.ide.mcu.externaltools.gnu-tools-for-stm32.13.3.rel1.macos64_1.0.0.202411102158/tools/bin/../lib/gcc/arm-none-eabi/13.3.1/../../../../arm-none-eabi/lib/thumb/v7e-m+fp/hard/libnosys.a
END GROUP
START GROUP
LOAD /Applications/STM32CubeIDE.app/Contents/Eclipse/plugins/com.st.stm32cube.ide.mcu.externaltools.gnu-tools-for-stm32.13.3.rel1.macos64_1.0.0.202411102158/tools/bin/../lib/gcc/arm-none-eabi/13.3.1/thumb/v7e-m+fp/hard/libgcc.a
LOAD /Applications/STM32CubeIDE.app/Contents/Eclipse/plugins/com.st.stm32cube.ide.mcu.externaltools.gnu-tools-for-stm32.13.3.rel1.macos64_1.0.0.202411102158/tools/bin/../lib/gcc/arm-none-eabi/13.3.1/../../../../arm-none-eabi/lib/thumb/v7e-m+fp/hard/libc_nano.a
LOAD /Applications/STM32CubeIDE.app/Contents/Eclipse/plugins/com.st.stm32cube.ide.mcu.externaltools.gnu-tools-for-stm32.13.3.rel1.macos64_1.0.0.202411102158/tools/bin/../lib/gcc/arm-none-eabi/13.3.1/../../../../arm-none-eabi/lib/thumb/v7e-m+fp/hard/libnosys.a
END GROUP
LOAD /Applications/STM32CubeIDE.app/Contents/Eclipse/plugins/com.st.stm32cube.ide.mcu.externaltools.gnu-tools-for-stm32.13.3.rel1.macos64_1.0.0.202411102158/tools/bin/../lib/gcc/arm-none-eabi/13.3.1/thumb/v7e-m+fp/hard/crtend.o
LOAD /Applications/STM32CubeIDE.app/Contents/Eclipse/plugins/com.st.stm32cube.ide.mcu.externaltools.gnu-tools-for-stm32.13.3.rel1.macos64_1.0.0.202411102158/tools/bin/../lib/gcc/arm-none-eabi/13.3.1/thumb/v7e-m+fp/hard/crtn.o
                0x20018000                        _estack = (ORIGIN (RAM) + LENGTH (RAM))
                0x00000200                        _Min_Heap_Size = 0x200
                0x00000400                        _Min_Stack_Size = 0x400

.isr_vector     0x08000000      0x194
                0x08000000                        . = ALIGN (0x4)
 *(.isr_vector)
 .isr_vector    0x08000000      0x194 ./Core/Startup/startup_stm32f401retx.o
                0x08000000                g_pfnVectors
                0x08000194                        . = ALIGN (0x4)

.text           0x08000198     0x58cc
                0x08000198                        . = ALIGN (0x4)
 *(.text)
 .text          0x08000198       0x40 /Applications/STM32CubeIDE.app/Contents/Eclipse/plugins/com.st.stm32cube.ide.mcu.externaltools.gnu-tools-for-stm32.13.3.rel1.macos64_1.0.0.202411102158/tools/bin/../lib/gcc/arm-none-eabi/13.3.1/thumb/v7e-m+fp/hard/crtbegin.o
 .text          0x080001d8      0x378 /Applications/STM32CubeIDE.app/Contents/Eclipse/plugins/com.st.stm32cube.ide.mcu.externaltools.gnu-tools-for-stm32.13.3.rel1.macos64_1.0.0.202411102158/tools/bin/../lib/gcc/arm-none-eabi/13.3.1/thumb/v7e-m+fp/hard/libgcc.a(_arm_addsubdf3.o)
                0x080001d8                __aeabi_drsub
                0x080001e0                __subdf3
                0x080001e0                __aeabi_dsub
                0x080001e4                __aeabi_dadd
                0x080001e4                __adddf3
                0x0800045c                __aeabi_ui2d
                0x0800045c                __floatunsidf
                0x0800047c                __floatsidf
                0x0800047c                __aeabi_i2d
                0x080004a0                __extendsfdf2
                0x080004a0                __aeabi_f2d
                0x080004e4                __aeabi_ul2d
                0x080004e4                __floatundidf
                0x080004f4                __aeabi_l2d
                0x080004f4                __floatdidf
 .text          0x08000550      0x424 /Applications/STM32CubeIDE.app/Contents/Eclipse/plugins/com.st.stm32cube.ide.mcu.externaltools.gnu-tools-for-stm32.13.3.rel1.macos64_1.0.0.202411102158/tools/bin/../lib/gcc/arm-none-eabi/13.3.1/thumb/v7e-m+fp/hard/libgcc.a(_arm_muldivdf3.o)
                0x08000550                __aeabi_dmul
                0x08000550                __muldf3
                0x080007a4                __aeabi_ddiv
                0x080007a4                __divdf3
 .text          0x08000974       0xa0 /Applications/STM32CubeIDE.app/Contents/Eclipse/plugins/com.st.stm32cube.ide.mcu.externaltools.gnu-tools-for-stm32.13.3.rel1.macos64_1.0.0.202411102158/tools/bin/../lib/gcc/arm-none-eabi/13.3.1/thumb/v7e-m+fp/hard/libgcc.a(_arm_truncdfsf2.o)
                0x08000974                __aeabi_d2f
                0x08000974                __truncdfsf2
 .text          0x08000a14       0x30 /Applications/STM32CubeIDE.app/Contents/Eclipse/plugins/com.st.stm32cube.ide.mcu.externaltools.gnu-tools-for-stm32.13.3.rel1.macos64_1.0.0.202411102158/tools/bin/../lib/gcc/arm-none-eabi/13.3.1/thumb/v7e-m+fp/hard/libgcc.a(_aeabi_uldivmod.o)
                0x08000a14                __aeabi_uldivmod
 .text          0x08000a44      0x2f8 /Applications/STM32CubeIDE.app/Contents/Eclipse/plugins/com.st.stm32cube.ide.mcu.externaltools.gnu-tools-for-stm32.13.3.rel1.macos64_1.0.0.202411102158/tools/bin/../lib/gcc/arm-none-eabi/13.3.1/thumb/v7e-m+fp/hard/libgcc.a(_udivmoddi4.o)
                0x08000a44                __udivmoddi4
 .text          0x08000d3c        0x4 /Applications/STM32CubeIDE.app/Contents/Eclipse/plugins/com.st.stm32cube.ide.mcu.externaltools.gnu-tools-for-stm32.13.3.rel1.macos64_1.0.0.202411102158/tools/bin/../lib/gcc/arm-none-eabi/13.3.1/thumb/v7e-m+fp/hard/libgcc.a(_dvmd_tls.o)
                0x08000d3c                __aeabi_ldiv0
                0x08000d3c                __aeabi_idiv0
 *(.text*)
 .text.ST7735_Select
                0x08000d40       0x18 ./Core/Inc/st7735/st7735.o
 .text.ST7735_Unselect
                0x08000d58       0x18 ./Core/Inc/st7735/st7735.o
                0x08000d58                ST7735_Unselect
 .text.ST7735_Reset
                0x08000d70       0x28 ./Core/Inc/st7735/st7735.o
 .text.ST7735_WriteCommand
                0x08000d98       0x34 ./Core/Inc/st7735/st7735.o
 .text.ST7735_WriteData
                0x08000dcc       0x38 ./Core/Inc/st7735/st7735.o
 .text.ST7735_ExecuteCommandList
                0x08000e04       0x92 ./Core/Inc/st7735/st7735.o
 .text.ST7735_SetAddressWindow
                0x08000e96       0x78 ./Core/Inc/st7735/st7735.o
 *fill*         0x08000f0e        0x2 
 .text.ST7735_Init
                0x08000f10       0x34 ./Core/Inc/st7735/st7735.o
                0x08000f10                ST7735_Init
 .text.ST7735_WriteChar
                0x08000f44       0xee ./Core/Inc/st7735/st7735.o
 .text.ST7735_WriteString
                0x08001032       0x94 ./Core/Inc/st7735/st7735.o
                0x08001032                ST7735_WriteString
 *fill*         0x080010c6        0x2 
 .text.ST7735_FillRectangle
                0x080010c8       0xe8 ./Core/Inc/st7735/st7735.o
                0x080010c8                ST7735_FillRectangle
 .text.ST7735_FillScreen
                0x080011b0       0x22 ./Core/Inc/st7735/st7735.o
                0x080011b0                ST7735_FillScreen
 .text.ST7735_DrawImage
                0x080011d2       0x98 ./Core/Inc/st7735/st7735.o
                0x080011d2                ST7735_DrawImage
 *fill*         0x0800126a        0x2 
 .text.DAC_OUT  0x0800126c       0x74 ./Core/Src/audio.o
                0x0800126c                DAC_OUT
 .text.play_audio
                0x080012e0       0x88 ./Core/Src/audio.o
                0x080012e0                play_audio
 .text.climb_pressed
                0x08001368       0x20 ./Core/Src/button.o
                0x08001368                climb_pressed
 .text.shield_pressed
                0x08001388       0x54 ./Core/Src/button.o
                0x08001388                shield_pressed
 .text.shield_counter
                0x080013dc       0x54 ./Core/Src/button.o
                0x080013dc                shield_counter
 .text.timeout_counter
                0x08001430       0x44 ./Core/Src/button.o
                0x08001430                timeout_counter
 .text.set_climb
                0x08001474       0x2c ./Core/Src/button.o
                0x08001474                set_climb
 .text.get_climb
                0x080014a0       0x18 ./Core/Src/button.o
                0x080014a0                get_climb
 .text.get_shield
                0x080014b8       0x18 ./Core/Src/button.o
                0x080014b8                get_shield
 .text.create_map
                0x080014d0       0x94 ./Core/Src/game.o
                0x080014d0                create_map
 .text.player_Init
                0x08001564       0x44 ./Core/Src/game.o
                0x08001564                player_Init
 .text.can_climb
                0x080015a8       0x78 ./Core/Src/game.o
                0x080015a8                can_climb
 .text.is_touching
                0x08001620       0x62 ./Core/Src/game.o
                0x08001620                is_touching
 .text.update_input
                0x08001682       0xaa ./Core/Src/game.o
                0x08001682                update_input
 .text.update_DK
                0x0800172c      0x168 ./Core/Src/game.o
                0x0800172c                update_DK
 .text.update_player
                0x08001894      0x3ec ./Core/Src/game.o
                0x08001894                update_player
 .text.erase_player
                0x08001c80       0xc8 ./Core/Src/game.o
                0x08001c80                erase_player
 .text.erase_bullet
                0x08001d48      0x1ec ./Core/Src/game.o
                0x08001d48                erase_bullet
 .text.update_bullet
                0x08001f34      0x184 ./Core/Src/game.o
                0x08001f34                update_bullet
 .text.update_audio
                0x080020b8       0x64 ./Core/Src/game.o
                0x080020b8                update_audio
 .text.load_audio
                0x0800211c       0x34 ./Core/Src/game.o
                0x0800211c                load_audio
 .text.gameplay
                0x08002150      0x110 ./Core/Src/game.o
                0x08002150                gameplay
 .text.main     0x08002260       0x2e ./Core/Src/main.o
                0x08002260                main
 *fill*         0x0800228e        0x2 
 .text.SystemClock_Config
                0x08002290       0xd8 ./Core/Src/main.o
                0x08002290                SystemClock_Config
 .text.MX_ADC1_Init
                0x08002368       0xa4 ./Core/Src/main.o
 .text.MX_SPI2_Init
                0x0800240c       0x6c ./Core/Src/main.o
 .text.MX_TIM1_Init
                0x08002478       0xa0 ./Core/Src/main.o
 .text.MX_TIM2_Init
                0x08002518       0x9c ./Core/Src/main.o
 .text.MX_TIM5_Init
                0x080025b4       0x9c ./Core/Src/main.o
 .text.MX_USART2_UART_Init
                0x08002650       0x54 ./Core/Src/main.o
 .text.MX_GPIO_Init
                0x080026a4      0x16c ./Core/Src/main.o
 .text.Error_Handler
                0x08002810        0xc ./Core/Src/main.o
                0x08002810                Error_Handler
 .text.generate_number
                0x0800281c       0x34 ./Core/Src/random.o
                0x0800281c                generate_number
 .text.start_slider
                0x08002850       0x14 ./Core/Src/slider.o
                0x08002850                start_slider
 *fill*         0x08002864        0x4 
 .text.get_pos  0x08002868      0x110 ./Core/Src/slider.o
                0x08002868                get_pos
 .text.get_ADC  0x08002978       0x34 ./Core/Src/slider.o
                0x08002978                get_ADC
 .text.in_motion
                0x080029ac       0x48 ./Core/Src/slider.o
                0x080029ac                in_motion
 .text.get_dir  0x080029f4       0x54 ./Core/Src/slider.o
                0x080029f4                get_dir
 .text.HAL_MspInit
                0x08002a48       0x50 ./Core/Src/stm32f4xx_hal_msp.o
                0x08002a48                HAL_MspInit
 .text.HAL_ADC_MspInit
                0x08002a98       0xc0 ./Core/Src/stm32f4xx_hal_msp.o
                0x08002a98                HAL_ADC_MspInit
 .text.HAL_SPI_MspInit
                0x08002b58       0x90 ./Core/Src/stm32f4xx_hal_msp.o
                0x08002b58                HAL_SPI_MspInit
 .text.HAL_TIM_Base_MspInit
                0x08002be8       0xc4 ./Core/Src/stm32f4xx_hal_msp.o
                0x08002be8                HAL_TIM_Base_MspInit
 .text.HAL_UART_MspInit
                0x08002cac       0x90 ./Core/Src/stm32f4xx_hal_msp.o
                0x08002cac                HAL_UART_MspInit
 .text.NMI_Handler
                0x08002d3c        0x8 ./Core/Src/stm32f4xx_it.o
                0x08002d3c                NMI_Handler
 .text.HardFault_Handler
                0x08002d44        0x8 ./Core/Src/stm32f4xx_it.o
                0x08002d44                HardFault_Handler
 .text.MemManage_Handler
                0x08002d4c        0x8 ./Core/Src/stm32f4xx_it.o
                0x08002d4c                MemManage_Handler
 .text.BusFault_Handler
                0x08002d54        0x8 ./Core/Src/stm32f4xx_it.o
                0x08002d54                BusFault_Handler
 .text.UsageFault_Handler
                0x08002d5c        0x8 ./Core/Src/stm32f4xx_it.o
                0x08002d5c                UsageFault_Handler
 .text.SVC_Handler
                0x08002d64        0xe ./Core/Src/stm32f4xx_it.o
                0x08002d64                SVC_Handler
 .text.DebugMon_Handler
                0x08002d72        0xe ./Core/Src/stm32f4xx_it.o
                0x08002d72                DebugMon_Handler
 .text.PendSV_Handler
                0x08002d80        0xe ./Core/Src/stm32f4xx_it.o
                0x08002d80                PendSV_Handler
 .text.SysTick_Handler
                0x08002d8e        0xc ./Core/Src/stm32f4xx_it.o
                0x08002d8e                SysTick_Handler
 *fill*         0x08002d9a        0x2 
 .text.EXTI2_IRQHandler
                0x08002d9c       0x1c ./Core/Src/stm32f4xx_it.o
                0x08002d9c                EXTI2_IRQHandler
 .text.EXTI3_IRQHandler
                0x08002db8       0x14 ./Core/Src/stm32f4xx_it.o
                0x08002db8                EXTI3_IRQHandler
 .text.TIM1_UP_TIM10_IRQHandler
                0x08002dcc       0x2c ./Core/Src/stm32f4xx_it.o
                0x08002dcc                TIM1_UP_TIM10_IRQHandler
 .text.TIM2_IRQHandler
                0x08002df8       0x18 ./Core/Src/stm32f4xx_it.o
                0x08002df8                TIM2_IRQHandler
 .text.TIM5_IRQHandler
                0x08002e10       0x28 ./Core/Src/stm32f4xx_it.o
                0x08002e10                TIM5_IRQHandler
 .text.SystemInit
                0x08002e38       0x24 ./Core/Src/system_stm32f4xx.o
                0x08002e38                SystemInit
 .text.Reset_Handler
                0x08002e5c       0x50 ./Core/Startup/startup_stm32f401retx.o
                0x08002e5c                Reset_Handler
 .text.Default_Handler
                0x08002eac        0x2 ./Core/Startup/startup_stm32f401retx.o
                0x08002eac                DMA1_Stream3_IRQHandler
                0x08002eac                SPI4_IRQHandler
                0x08002eac                TIM1_CC_IRQHandler
                0x08002eac                DMA2_Stream5_IRQHandler
                0x08002eac                DMA1_Stream5_IRQHandler
                0x08002eac                PVD_IRQHandler
                0x08002eac                SDIO_IRQHandler
                0x08002eac                TAMP_STAMP_IRQHandler
                0x08002eac                I2C3_ER_IRQHandler
                0x08002eac                EXTI0_IRQHandler
                0x08002eac                I2C2_EV_IRQHandler
                0x08002eac                DMA1_Stream2_IRQHandler
                0x08002eac                FPU_IRQHandler
                0x08002eac                DMA2_Stream2_IRQHandler
                0x08002eac                SPI1_IRQHandler
                0x08002eac                TIM1_BRK_TIM9_IRQHandler
                0x08002eac                DMA2_Stream3_IRQHandler
                0x08002eac                USART6_IRQHandler
                0x08002eac                DMA2_Stream0_IRQHandler
                0x08002eac                TIM4_IRQHandler
                0x08002eac                I2C1_EV_IRQHandler
                0x08002eac                DMA1_Stream6_IRQHandler
                0x08002eac                DMA1_Stream1_IRQHandler
                0x08002eac                TIM3_IRQHandler
                0x08002eac                RCC_IRQHandler
                0x08002eac                Default_Handler
                0x08002eac                EXTI15_10_IRQHandler
                0x08002eac                ADC_IRQHandler
                0x08002eac                DMA1_Stream7_IRQHandler
                0x08002eac                DMA2_Stream7_IRQHandler
                0x08002eac                I2C3_EV_IRQHandler
                0x08002eac                EXTI9_5_IRQHandler
                0x08002eac                RTC_WKUP_IRQHandler
                0x08002eac                SPI2_IRQHandler
                0x08002eac                DMA1_Stream0_IRQHandler
                0x08002eac                EXTI4_IRQHandler
                0x08002eac                WWDG_IRQHandler
                0x08002eac                OTG_FS_WKUP_IRQHandler
                0x08002eac                TIM1_TRG_COM_TIM11_IRQHandler
                0x08002eac                EXTI1_IRQHandler
                0x08002eac                USART2_IRQHandler
                0x08002eac                I2C2_ER_IRQHandler
                0x08002eac                DMA2_Stream1_IRQHandler
                0x08002eac                FLASH_IRQHandler
                0x08002eac                DMA2_Stream4_IRQHandler
                0x08002eac                USART1_IRQHandler
                0x08002eac                OTG_FS_IRQHandler
                0x08002eac                SPI3_IRQHandler
                0x08002eac                DMA1_Stream4_IRQHandler
                0x08002eac                I2C1_ER_IRQHandler
                0x08002eac                DMA2_Stream6_IRQHandler
                0x08002eac                RTC_Alarm_IRQHandler
 *fill*         0x08002eae        0x2 
 .text.HAL_Init
                0x08002eb0       0x44 ./Drivers/STM32F4xx_HAL_Driver/Src/stm32f4xx_hal.o
                0x08002eb0                HAL_Init
 .text.HAL_InitTick
                0x08002ef4       0x60 ./Drivers/STM32F4xx_HAL_Driver/Src/stm32f4xx_hal.o
                0x08002ef4                HAL_InitTick
 .text.HAL_IncTick
                0x08002f54       0x28 ./Drivers/STM32F4xx_HAL_Driver/Src/stm32f4xx_hal.o
                0x08002f54                HAL_IncTick
 .text.HAL_GetTick
                0x08002f7c       0x18 ./Drivers/STM32F4xx_HAL_Driver/Src/stm32f4xx_hal.o
                0x08002f7c                HAL_GetTick
 .text.HAL_Delay
                0x08002f94       0x48 ./Drivers/STM32F4xx_HAL_Driver/Src/stm32f4xx_hal.o
                0x08002f94                HAL_Delay
 .text.HAL_ADC_Init
                0x08002fdc       0x86 ./Drivers/STM32F4xx_HAL_Driver/Src/stm32f4xx_hal_adc.o
                0x08002fdc                HAL_ADC_Init
 *fill*         0x08003062        0x2 
 .text.HAL_ADC_Start
                0x08003064      0x168 ./Drivers/STM32F4xx_HAL_Driver/Src/stm32f4xx_hal_adc.o
                0x08003064                HAL_ADC_Start
 .text.HAL_ADC_PollForConversion
                0x080031cc      0x116 ./Drivers/STM32F4xx_HAL_Driver/Src/stm32f4xx_hal_adc.o
                0x080031cc                HAL_ADC_PollForConversion
 .text.HAL_ADC_GetValue
                0x080032e2       0x1a ./Drivers/STM32F4xx_HAL_Driver/Src/stm32f4xx_hal_adc.o
                0x080032e2                HAL_ADC_GetValue
 .text.HAL_ADC_ConfigChannel
                0x080032fc      0x244 ./Drivers/STM32F4xx_HAL_Driver/Src/stm32f4xx_hal_adc.o
                0x080032fc                HAL_ADC_ConfigChannel
 .text.ADC_Init
                0x08003540      0x1f8 ./Drivers/STM32F4xx_HAL_Driver/Src/stm32f4xx_hal_adc.o
 .text.__NVIC_SetPriorityGrouping
                0x08003738       0x48 ./Drivers/STM32F4xx_HAL_Driver/Src/stm32f4xx_hal_cortex.o
 .text.__NVIC_GetPriorityGrouping
                0x08003780       0x1c ./Drivers/STM32F4xx_HAL_Driver/Src/stm32f4xx_hal_cortex.o
 .text.__NVIC_EnableIRQ
                0x0800379c       0x3c ./Drivers/STM32F4xx_HAL_Driver/Src/stm32f4xx_hal_cortex.o
 .text.__NVIC_SetPriority
                0x080037d8       0x54 ./Drivers/STM32F4xx_HAL_Driver/Src/stm32f4xx_hal_cortex.o
 .text.NVIC_EncodePriority
                0x0800382c       0x66 ./Drivers/STM32F4xx_HAL_Driver/Src/stm32f4xx_hal_cortex.o
 *fill*         0x08003892        0x2 
 .text.SysTick_Config
                0x08003894       0x44 ./Drivers/STM32F4xx_HAL_Driver/Src/stm32f4xx_hal_cortex.o
 .text.HAL_NVIC_SetPriorityGrouping
                0x080038d8       0x16 ./Drivers/STM32F4xx_HAL_Driver/Src/stm32f4xx_hal_cortex.o
                0x080038d8                HAL_NVIC_SetPriorityGrouping
 .text.HAL_NVIC_SetPriority
                0x080038ee       0x38 ./Drivers/STM32F4xx_HAL_Driver/Src/stm32f4xx_hal_cortex.o
                0x080038ee                HAL_NVIC_SetPriority
 .text.HAL_NVIC_EnableIRQ
                0x08003926       0x1c ./Drivers/STM32F4xx_HAL_Driver/Src/stm32f4xx_hal_cortex.o
                0x08003926                HAL_NVIC_EnableIRQ
 .text.HAL_SYSTICK_Config
                0x08003942       0x18 ./Drivers/STM32F4xx_HAL_Driver/Src/stm32f4xx_hal_cortex.o
                0x08003942                HAL_SYSTICK_Config
 *fill*         0x0800395a        0x2 
 .text.HAL_GPIO_Init
                0x0800395c      0x308 ./Drivers/STM32F4xx_HAL_Driver/Src/stm32f4xx_hal_gpio.o
                0x0800395c                HAL_GPIO_Init
 .text.HAL_GPIO_ReadPin
                0x08003c64       0x30 ./Drivers/STM32F4xx_HAL_Driver/Src/stm32f4xx_hal_gpio.o
                0x08003c64                HAL_GPIO_ReadPin
 .text.HAL_GPIO_WritePin
                0x08003c94       0x32 ./Drivers/STM32F4xx_HAL_Driver/Src/stm32f4xx_hal_gpio.o
                0x08003c94                HAL_GPIO_WritePin
 *fill*         0x08003cc6        0x2 
 .text.HAL_GPIO_EXTI_IRQHandler
                0x08003cc8       0x30 ./Drivers/STM32F4xx_HAL_Driver/Src/stm32f4xx_hal_gpio.o
                0x08003cc8                HAL_GPIO_EXTI_IRQHandler
 .text.HAL_GPIO_EXTI_Callback
                0x08003cf8       0x16 ./Drivers/STM32F4xx_HAL_Driver/Src/stm32f4xx_hal_gpio.o
                0x08003cf8                HAL_GPIO_EXTI_Callback
 *fill*         0x08003d0e        0x2 
 .text.HAL_RCC_OscConfig
                0x08003d10      0x4f0 ./Drivers/STM32F4xx_HAL_Driver/Src/stm32f4xx_hal_rcc.o
                0x08003d10                HAL_RCC_OscConfig
 .text.HAL_RCC_ClockConfig
                0x08004200      0x1cc ./Drivers/STM32F4xx_HAL_Driver/Src/stm32f4xx_hal_rcc.o
                0x08004200                HAL_RCC_ClockConfig
 .text.HAL_RCC_GetSysClockFreq
                0x080043cc      0x20c ./Drivers/STM32F4xx_HAL_Driver/Src/stm32f4xx_hal_rcc.o
                0x080043cc                HAL_RCC_GetSysClockFreq
 .text.HAL_RCC_GetHCLKFreq
                0x080045d8       0x18 ./Drivers/STM32F4xx_HAL_Driver/Src/stm32f4xx_hal_rcc.o
                0x080045d8                HAL_RCC_GetHCLKFreq
 .text.HAL_RCC_GetPCLK1Freq
                0x080045f0       0x28 ./Drivers/STM32F4xx_HAL_Driver/Src/stm32f4xx_hal_rcc.o
                0x080045f0                HAL_RCC_GetPCLK1Freq
 .text.HAL_RCC_GetPCLK2Freq
                0x08004618       0x28 ./Drivers/STM32F4xx_HAL_Driver/Src/stm32f4xx_hal_rcc.o
                0x08004618                HAL_RCC_GetPCLK2Freq
 .text.HAL_SPI_Init
                0x08004640      0x112 ./Drivers/STM32F4xx_HAL_Driver/Src/stm32f4xx_hal_spi.o
                0x08004640                HAL_SPI_Init
 .text.HAL_SPI_Transmit
                0x08004752      0x288 ./Drivers/STM32F4xx_HAL_Driver/Src/stm32f4xx_hal_spi.o
                0x08004752                HAL_SPI_Transmit
 *fill*         0x080049da        0x2 
 .text.SPI_WaitFlagStateUntilTimeout
                0x080049dc      0x110 ./Drivers/STM32F4xx_HAL_Driver/Src/stm32f4xx_hal_spi.o
 .text.SPI_EndRxTxTransaction
                0x08004aec       0xa8 ./Drivers/STM32F4xx_HAL_Driver/Src/stm32f4xx_hal_spi.o
 .text.HAL_TIM_Base_Init
                0x08004b94       0x9e ./Drivers/STM32F4xx_HAL_Driver/Src/stm32f4xx_hal_tim.o
                0x08004b94                HAL_TIM_Base_Init
 *fill*         0x08004c32        0x2 
 .text.HAL_TIM_Base_Start_IT
                0x08004c34       0xc4 ./Drivers/STM32F4xx_HAL_Driver/Src/stm32f4xx_hal_tim.o
                0x08004c34                HAL_TIM_Base_Start_IT
 .text.HAL_TIM_Base_Stop_IT
                0x08004cf8       0x5e ./Drivers/STM32F4xx_HAL_Driver/Src/stm32f4xx_hal_tim.o
                0x08004cf8                HAL_TIM_Base_Stop_IT
 .text.HAL_TIM_IRQHandler
                0x08004d56      0x1e0 ./Drivers/STM32F4xx_HAL_Driver/Src/stm32f4xx_hal_tim.o
                0x08004d56                HAL_TIM_IRQHandler
 .text.HAL_TIM_ConfigClockSource
                0x08004f36      0x18e ./Drivers/STM32F4xx_HAL_Driver/Src/stm32f4xx_hal_tim.o
                0x08004f36                HAL_TIM_ConfigClockSource
 .text.HAL_TIM_PeriodElapsedCallback
                0x080050c4       0x14 ./Drivers/STM32F4xx_HAL_Driver/Src/stm32f4xx_hal_tim.o
                0x080050c4                HAL_TIM_PeriodElapsedCallback
 .text.HAL_TIM_OC_DelayElapsedCallback
                0x080050d8       0x14 ./Drivers/STM32F4xx_HAL_Driver/Src/stm32f4xx_hal_tim.o
                0x080050d8                HAL_TIM_OC_DelayElapsedCallback
 .text.HAL_TIM_IC_CaptureCallback
                0x080050ec       0x14 ./Drivers/STM32F4xx_HAL_Driver/Src/stm32f4xx_hal_tim.o
                0x080050ec                HAL_TIM_IC_CaptureCallback
 .text.HAL_TIM_PWM_PulseFinishedCallback
                0x08005100       0x14 ./Drivers/STM32F4xx_HAL_Driver/Src/stm32f4xx_hal_tim.o
                0x08005100                HAL_TIM_PWM_PulseFinishedCallback
 .text.HAL_TIM_TriggerCallback
                0x08005114       0x14 ./Drivers/STM32F4xx_HAL_Driver/Src/stm32f4xx_hal_tim.o
                0x08005114                HAL_TIM_TriggerCallback
 .text.TIM_Base_SetConfig
                0x08005128      0x10c ./Drivers/STM32F4xx_HAL_Driver/Src/stm32f4xx_hal_tim.o
                0x08005128                TIM_Base_SetConfig
 .text.TIM_TI1_ConfigInputStage
                0x08005234       0x5e ./Drivers/STM32F4xx_HAL_Driver/Src/stm32f4xx_hal_tim.o
 .text.TIM_TI2_ConfigInputStage
                0x08005292       0x60 ./Drivers/STM32F4xx_HAL_Driver/Src/stm32f4xx_hal_tim.o
 .text.TIM_ITRx_SetConfig
                0x080052f2       0x36 ./Drivers/STM32F4xx_HAL_Driver/Src/stm32f4xx_hal_tim.o
 .text.TIM_ETR_SetConfig
                0x08005328       0x40 ./Drivers/STM32F4xx_HAL_Driver/Src/stm32f4xx_hal_tim.o
                0x08005328                TIM_ETR_SetConfig
 .text.HAL_TIMEx_MasterConfigSynchronization
                0x08005368       0xdc ./Drivers/STM32F4xx_HAL_Driver/Src/stm32f4xx_hal_tim_ex.o
                0x08005368                HAL_TIMEx_MasterConfigSynchronization
 .text.HAL_TIMEx_CommutCallback
                0x08005444       0x14 ./Drivers/STM32F4xx_HAL_Driver/Src/stm32f4xx_hal_tim_ex.o
                0x08005444                HAL_TIMEx_CommutCallback
 .text.HAL_TIMEx_BreakCallback
                0x08005458       0x14 ./Drivers/STM32F4xx_HAL_Driver/Src/stm32f4xx_hal_tim_ex.o
                0x08005458                HAL_TIMEx_BreakCallback
 .text.HAL_UART_Init
                0x0800546c       0xa0 ./Drivers/STM32F4xx_HAL_Driver/Src/stm32f4xx_hal_uart.o
                0x0800546c                HAL_UART_Init
 .text.UART_SetConfig
                0x0800550c      0x4e8 ./Drivers/STM32F4xx_HAL_Driver/Src/stm32f4xx_hal_uart.o
 .text.memset   0x080059f4       0x10 /Applications/STM32CubeIDE.app/Contents/Eclipse/plugins/com.st.stm32cube.ide.mcu.externaltools.gnu-tools-for-stm32.13.3.rel1.macos64_1.0.0.202411102158/tools/bin/../lib/gcc/arm-none-eabi/13.3.1/../../../../arm-none-eabi/lib/thumb/v7e-m+fp/hard/libc_nano.a(libc_a-memset.o)
                0x080059f4                memset
 .text.__libc_init_array
                0x08005a04       0x48 /Applications/STM32CubeIDE.app/Contents/Eclipse/plugins/com.st.stm32cube.ide.mcu.externaltools.gnu-tools-for-stm32.13.3.rel1.macos64_1.0.0.202411102158/tools/bin/../lib/gcc/arm-none-eabi/13.3.1/../../../../arm-none-eabi/lib/thumb/v7e-m+fp/hard/libc_nano.a(libc_a-init.o)
                0x08005a04                __libc_init_array
 *(.glue_7)
 .glue_7        0x08005a4c        0x0 linker stubs
 *(.glue_7t)
 .glue_7t       0x08005a4c        0x0 linker stubs
 *(.eh_frame)
 .eh_frame      0x08005a4c        0x0 /Applications/STM32CubeIDE.app/Contents/Eclipse/plugins/com.st.stm32cube.ide.mcu.externaltools.gnu-tools-for-stm32.13.3.rel1.macos64_1.0.0.202411102158/tools/bin/../lib/gcc/arm-none-eabi/13.3.1/thumb/v7e-m+fp/hard/crtbegin.o
 *(.init)
 .init          0x08005a4c        0x4 /Applications/STM32CubeIDE.app/Contents/Eclipse/plugins/com.st.stm32cube.ide.mcu.externaltools.gnu-tools-for-stm32.13.3.rel1.macos64_1.0.0.202411102158/tools/bin/../lib/gcc/arm-none-eabi/13.3.1/thumb/v7e-m+fp/hard/crti.o
                0x08005a4c                _init
 .init          0x08005a50        0x8 /Applications/STM32CubeIDE.app/Contents/Eclipse/plugins/com.st.stm32cube.ide.mcu.externaltools.gnu-tools-for-stm32.13.3.rel1.macos64_1.0.0.202411102158/tools/bin/../lib/gcc/arm-none-eabi/13.3.1/thumb/v7e-m+fp/hard/crtn.o
 *(.fini)
 .fini          0x08005a58        0x4 /Applications/STM32CubeIDE.app/Contents/Eclipse/plugins/com.st.stm32cube.ide.mcu.externaltools.gnu-tools-for-stm32.13.3.rel1.macos64_1.0.0.202411102158/tools/bin/../lib/gcc/arm-none-eabi/13.3.1/thumb/v7e-m+fp/hard/crti.o
                0x08005a58                _fini
 .fini          0x08005a5c        0x8 /Applications/STM32CubeIDE.app/Contents/Eclipse/plugins/com.st.stm32cube.ide.mcu.externaltools.gnu-tools-for-stm32.13.3.rel1.macos64_1.0.0.202411102158/tools/bin/../lib/gcc/arm-none-eabi/13.3.1/thumb/v7e-m+fp/hard/crtn.o
                0x08005a64                        . = ALIGN (0x4)
                0x08005a64                        _etext = .

.vfp11_veneer   0x08005a64        0x0
 .vfp11_veneer  0x08005a64        0x0 linker stubs

.v4_bx          0x08005a64        0x0
 .v4_bx         0x08005a64        0x0 linker stubs

.iplt           0x08005a64        0x0
 .iplt          0x08005a64        0x0 /Applications/STM32CubeIDE.app/Contents/Eclipse/plugins/com.st.stm32cube.ide.mcu.externaltools.gnu-tools-for-stm32.13.3.rel1.macos64_1.0.0.202411102158/tools/bin/../lib/gcc/arm-none-eabi/13.3.1/thumb/v7e-m+fp/hard/crtbegin.o

.rodata         0x08005a64    0x18120
                0x08005a64                        . = ALIGN (0x4)
 *(.rodata)
 .rodata        0x08005a64       0x11 ./Core/Src/game.o
 *(.rodata*)
 *fill*         0x08005a75        0x3 
 .rodata.Font11x18
                0x08005a78      0xd5c ./Core/Inc/st7735/fonts.o
 .rodata.init_cmds1
                0x080067d4       0x3b ./Core/Inc/st7735/st7735.o
 *fill*         0x0800680f        0x1 
 .rodata.init_cmds2
                0x08006810        0xd ./Core/Inc/st7735/st7735.o
 *fill*         0x0800681d        0x3 
 .rodata.init_cmds3
                0x08006820       0x2b ./Core/Inc/st7735/st7735.o
 *fill*         0x0800684b        0x1 
 .rodata.lose   0x0800684c     0x6e39 ./Core/Src/game.o
 *fill*         0x0800d685        0x3 
 .rodata.punch  0x0800d688     0x14d6 ./Core/Src/game.o
 *fill*         0x0800eb5e        0x2 
 .rodata.ready  0x0800eb60      0xacb ./Core/Src/game.o
 *fill*         0x0800f62b        0x1 
 .rodata.shield_in
                0x0800f62c      0xf56 ./Core/Src/game.o
 *fill*         0x08010582        0x2 
 .rodata.shield_out
                0x08010584     0x1477 ./Core/Src/game.o
 *fill*         0x080119fb        0x1 
 .rodata.win    0x080119fc     0xa2cf ./Core/Src/game.o
 *fill*         0x0801bccb        0x1 
 .rodata.standR
                0x0801bccc      0x180 ./Core/Src/game.o
                0x0801bccc                standR
 .rodata.standL
                0x0801be4c      0x180 ./Core/Src/game.o
                0x0801be4c                standL
 .rodata.shieldR
                0x0801bfcc      0x1c0 ./Core/Src/game.o
                0x0801bfcc                shieldR
 .rodata.shieldL
                0x0801c18c      0x1c0 ./Core/Src/game.o
                0x0801c18c                shieldL
 .rodata.runR1  0x0801c34c      0x1e0 ./Core/Src/game.o
                0x0801c34c                runR1
 .rodata.runL1  0x0801c52c      0x200 ./Core/Src/game.o
                0x0801c52c                runL1
 .rodata.runR0  0x0801c72c      0x1e0 ./Core/Src/game.o
                0x0801c72c                runR0
 .rodata.runL0  0x0801c90c      0x1e0 ./Core/Src/game.o
                0x0801c90c                runL0
 .rodata.climb1
                0x0801caec      0x1a0 ./Core/Src/game.o
                0x0801caec                climb1
 .rodata.climb0
                0x0801cc8c      0x1a0 ./Core/Src/game.o
                0x0801cc8c                climb0
 .rodata.DKong  0x0801ce2c      0x320 ./Core/Src/game.o
                0x0801ce2c                DKong
 .rodata.black  0x0801d14c      0x320 ./Core/Src/game.o
                0x0801d14c                black
 .rodata.climb_animate
                0x0801d46c       0x10 ./Core/Src/game.o
                0x0801d46c                climb_animate
 .rodata.runL_animate
                0x0801d47c       0x10 ./Core/Src/game.o
                0x0801d47c                runL_animate
 .rodata.runR_animate
                0x0801d48c       0x10 ./Core/Src/game.o
                0x0801d48c                runR_animate
 .rodata.bulletD
                0x0801d49c       0x28 ./Core/Src/game.o
                0x0801d49c                bulletD
 .rodata.ground
                0x0801d4c4      0x500 ./Core/Src/game.o
                0x0801d4c4                ground
 .rodata.ladder
                0x0801d9c4      0x17c ./Core/Src/game.o
                0x0801d9c4                ladder
 .rodata.ground_pos
                0x0801db40        0x7 ./Core/Src/game.o
                0x0801db40                ground_pos
 *fill*         0x0801db47        0x1 
 .rodata.ladder_pos
                0x0801db48        0x7 ./Core/Src/game.o
                0x0801db48                ladder_pos
 *fill*         0x0801db4f        0x1 
 .rodata.fileslen_audio
                0x0801db50       0x1c ./Core/Src/game.o
                0x0801db50                fileslen_audio
 .rodata.AHBPrescTable
                0x0801db6c       0x10 ./Core/Src/system_stm32f4xx.o
                0x0801db6c                AHBPrescTable
 .rodata.APBPrescTable
                0x0801db7c        0x8 ./Core/Src/system_stm32f4xx.o
                0x0801db7c                APBPrescTable
                0x0801db84                        . = ALIGN (0x4)

.ARM.extab      0x0801db84        0x0
                0x0801db84                        . = ALIGN (0x4)
 *(.ARM.extab* .gnu.linkonce.armextab.*)
                0x0801db84                        . = ALIGN (0x4)

.ARM            0x0801db84        0x8
                0x0801db84                        . = ALIGN (0x4)
                0x0801db84                        __exidx_start = .
 *(.ARM.exidx*)
 .ARM.exidx     0x0801db84        0x8 /Applications/STM32CubeIDE.app/Contents/Eclipse/plugins/com.st.stm32cube.ide.mcu.externaltools.gnu-tools-for-stm32.13.3.rel1.macos64_1.0.0.202411102158/tools/bin/../lib/gcc/arm-none-eabi/13.3.1/thumb/v7e-m+fp/hard/libgcc.a(_udivmoddi4.o)
                0x0801db8c                        __exidx_end = .
                0x0801db8c                        . = ALIGN (0x4)

.preinit_array  0x0801db8c        0x0
                0x0801db8c                        . = ALIGN (0x4)
                0x0801db8c                        PROVIDE (__preinit_array_start = .)
 *(.preinit_array*)
                0x0801db8c                        PROVIDE (__preinit_array_end = .)
                0x0801db8c                        . = ALIGN (0x4)

.init_array     0x0801db8c        0x4
                0x0801db8c                        . = ALIGN (0x4)
                0x0801db8c                        PROVIDE (__init_array_start = .)
 *(SORT_BY_NAME(.init_array.*))
 *(.init_array*)
 .init_array    0x0801db8c        0x4 /Applications/STM32CubeIDE.app/Contents/Eclipse/plugins/com.st.stm32cube.ide.mcu.externaltools.gnu-tools-for-stm32.13.3.rel1.macos64_1.0.0.202411102158/tools/bin/../lib/gcc/arm-none-eabi/13.3.1/thumb/v7e-m+fp/hard/crtbegin.o
                0x0801db90                        PROVIDE (__init_array_end = .)
                0x0801db90                        . = ALIGN (0x4)

.fini_array     0x0801db90        0x4
                0x0801db90                        . = ALIGN (0x4)
                [!provide]                        PROVIDE (__fini_array_start = .)
 *(SORT_BY_NAME(.fini_array.*))
 *(.fini_array*)
 .fini_array    0x0801db90        0x4 /Applications/STM32CubeIDE.app/Contents/Eclipse/plugins/com.st.stm32cube.ide.mcu.externaltools.gnu-tools-for-stm32.13.3.rel1.macos64_1.0.0.202411102158/tools/bin/../lib/gcc/arm-none-eabi/13.3.1/thumb/v7e-m+fp/hard/crtbegin.o
                [!provide]                        PROVIDE (__fini_array_end = .)
                0x0801db94                        . = ALIGN (0x4)
                0x0801db94                        _sidata = LOADADDR (.data)

.rel.dyn        0x0801db94        0x0
 .rel.iplt      0x0801db94        0x0 /Applications/STM32CubeIDE.app/Contents/Eclipse/plugins/com.st.stm32cube.ide.mcu.externaltools.gnu-tools-for-stm32.13.3.rel1.macos64_1.0.0.202411102158/tools/bin/../lib/gcc/arm-none-eabi/13.3.1/thumb/v7e-m+fp/hard/crtbegin.o

.data           0x20000000       0x38 load address 0x0801db94
                0x20000000                        . = ALIGN (0x4)
                0x20000000                        _sdata = .
 *(.data)
 *(.data*)
 .data.Font_11x18
                0x20000000        0x8 ./Core/Inc/st7735/fonts.o
                0x20000000                Font_11x18
 .data.shield_time
                0x20000008        0x1 ./Core/Src/button.o
                0x20000008                shield_time
 .data.timeout_time
                0x20000009        0x1 ./Core/Src/button.o
                0x20000009                timeout_time
 *fill*         0x2000000a        0x2 
 .data.files_audio
                0x2000000c       0x1c ./Core/Src/game.o
                0x2000000c                files_audio
 .data.dir      0x20000028        0x1 ./Core/Src/slider.o
                0x20000028                dir
 *fill*         0x20000029        0x3 
 .data.SystemCoreClock
                0x2000002c        0x4 ./Core/Src/system_stm32f4xx.o
                0x2000002c                SystemCoreClock
 .data.uwTickPrio
                0x20000030        0x4 ./Drivers/STM32F4xx_HAL_Driver/Src/stm32f4xx_hal.o
                0x20000030                uwTickPrio
 .data.uwTickFreq
                0x20000034        0x1 ./Drivers/STM32F4xx_HAL_Driver/Src/stm32f4xx_hal.o
                0x20000034                uwTickFreq
 *(.RamFunc)
 *(.RamFunc*)
                0x20000038                        . = ALIGN (0x4)
 *fill*         0x20000035        0x3 
                0x20000038                        _edata = .

.igot.plt       0x20000038        0x0 load address 0x0801dbcc
 .igot.plt      0x20000038        0x0 /Applications/STM32CubeIDE.app/Contents/Eclipse/plugins/com.st.stm32cube.ide.mcu.externaltools.gnu-tools-for-stm32.13.3.rel1.macos64_1.0.0.202411102158/tools/bin/../lib/gcc/arm-none-eabi/13.3.1/thumb/v7e-m+fp/hard/crtbegin.o
                0x20000038                        . = ALIGN (0x4)

.bss            0x20000038      0x234 load address 0x0801dbcc
                0x20000038                        _sbss = .
                0x20000038                        __bss_start__ = _sbss
 *(.bss)
 .bss           0x20000038       0x1c /Applications/STM32CubeIDE.app/Contents/Eclipse/plugins/com.st.stm32cube.ide.mcu.externaltools.gnu-tools-for-stm32.13.3.rel1.macos64_1.0.0.202411102158/tools/bin/../lib/gcc/arm-none-eabi/13.3.1/thumb/v7e-m+fp/hard/crtbegin.o
 *(.bss*)
 .bss.htim1     0x20000054       0x48 ./Core/Src/audio.o
                0x20000054                htim1
 .bss.current_audio
                0x2000009c        0x4 ./Core/Src/audio.o
                0x2000009c                current_audio
 .bss.current_length
                0x200000a0        0x4 ./Core/Src/audio.o
                0x200000a0                current_length
 .bss.index_audio
                0x200000a4        0x4 ./Core/Src/audio.o
                0x200000a4                index_audio
 .bss.htim5     0x200000a8       0x48 ./Core/Src/button.o
                0x200000a8                htim5
 .bss.is_climb  0x200000f0        0x1 ./Core/Src/button.o
                0x200000f0                is_climb
 .bss.is_shield
                0x200000f1        0x1 ./Core/Src/button.o
                0x200000f1                is_shield
 .bss.is_timeout
                0x200000f2        0x1 ./Core/Src/button.o
                0x200000f2                is_timeout
 .bss.shield_count
                0x200000f3        0x1 ./Core/Src/button.o
                0x200000f3                shield_count
 .bss.timeout_count
                0x200000f4        0x1 ./Core/Src/button.o
                0x200000f4                timeout_count
 .bss.state     0x200000f5        0x1 ./Core/Src/game.o
                0x200000f5                state
 *fill*         0x200000f6        0x2 
 .bss.audios    0x200000f8        0x5 ./Core/Src/game.o
                0x200000f8                audios
 .bss.count     0x200000fd        0x1 ./Core/Src/game.o
                0x200000fd                count
 .bss.animate.5
                0x200000fe        0x1 ./Core/Src/game.o
 .bss.animate.4
                0x200000ff        0x1 ./Core/Src/game.o
 .bss.player.3  0x20000100        0x8 ./Core/Src/game.o
 .bss.input.2   0x20000108        0x4 ./Core/Src/game.o
 .bss.bullet.1  0x2000010c       0x14 ./Core/Src/game.o
 .bss.donkey_kong.0
                0x20000120        0x5 ./Core/Src/game.o
 *fill*         0x20000125        0x3 
 .bss.hadc1     0x20000128       0x48 ./Core/Src/main.o
                0x20000128                hadc1
 .bss.hspi2     0x20000170       0x58 ./Core/Src/main.o
                0x20000170                hspi2
 .bss.huart2    0x200001c8       0x48 ./Core/Src/main.o
                0x200001c8                huart2
 .bss.num       0x20000210        0x1 ./Core/Src/random.o
                0x20000210                num
 *fill*         0x20000211        0x3 
 .bss.htim2     0x20000214       0x48 ./Core/Src/slider.o
                0x20000214                htim2
 .bss.new_adc   0x2000025c        0x1 ./Core/Src/slider.o
                0x2000025c                new_adc
 *fill*         0x2000025d        0x3 
 .bss.adc       0x20000260        0x4 ./Core/Src/slider.o
                0x20000260                adc
 .bss.pos       0x20000264        0x2 ./Core/Src/slider.o
                0x20000264                pos
 .bss.prev_pos  0x20000266        0x2 ./Core/Src/slider.o
                0x20000266                prev_pos
 .bss.uwTick    0x20000268        0x4 ./Drivers/STM32F4xx_HAL_Driver/Src/stm32f4xx_hal.o
                0x20000268                uwTick
 *(COMMON)
                0x2000026c                        . = ALIGN (0x4)
                0x2000026c                        _ebss = .
                0x2000026c                        __bss_end__ = _ebss

._user_heap_stack
                0x2000026c      0x604 load address 0x0801dbcc
                0x20000270                        . = ALIGN (0x8)
 *fill*         0x2000026c        0x4 
                [!provide]                        PROVIDE (end = .)
                0x20000270                        PROVIDE (_end = .)
                0x20000470                        . = (. + _Min_Heap_Size)
 *fill*         0x20000270      0x200 
                0x20000870                        . = (. + _Min_Stack_Size)
 *fill*         0x20000470      0x400 
                0x20000870                        . = ALIGN (0x8)

/DISCARD/
 libc.a(*)
 libm.a(*)
 libgcc.a(*)

.ARM.attributes
                0x00000000       0x30
 *(.ARM.attributes)
 .ARM.attributes
                0x00000000       0x22 /Applications/STM32CubeIDE.app/Contents/Eclipse/plugins/com.st.stm32cube.ide.mcu.externaltools.gnu-tools-for-stm32.13.3.rel1.macos64_1.0.0.202411102158/tools/bin/../lib/gcc/arm-none-eabi/13.3.1/thumb/v7e-m+fp/hard/crti.o
 .ARM.attributes
                0x00000022       0x34 /Applications/STM32CubeIDE.app/Contents/Eclipse/plugins/com.st.stm32cube.ide.mcu.externaltools.gnu-tools-for-stm32.13.3.rel1.macos64_1.0.0.202411102158/tools/bin/../lib/gcc/arm-none-eabi/13.3.1/thumb/v7e-m+fp/hard/crtbegin.o
 .ARM.attributes
                0x00000056       0x34 ./Core/Inc/st7735/fonts.o
 .ARM.attributes
                0x0000008a       0x34 ./Core/Inc/st7735/st7735.o
 .ARM.attributes
                0x000000be       0x34 ./Core/Src/audio.o
 .ARM.attributes
                0x000000f2       0x34 ./Core/Src/button.o
 .ARM.attributes
                0x00000126       0x34 ./Core/Src/game.o
 .ARM.attributes
                0x0000015a       0x34 ./Core/Src/main.o
 .ARM.attributes
                0x0000018e       0x34 ./Core/Src/random.o
 .ARM.attributes
                0x000001c2       0x34 ./Core/Src/slider.o
 .ARM.attributes
                0x000001f6       0x34 ./Core/Src/stm32f4xx_hal_msp.o
 .ARM.attributes
                0x0000022a       0x34 ./Core/Src/stm32f4xx_it.o
 .ARM.attributes
                0x0000025e       0x34 ./Core/Src/system_stm32f4xx.o
 .ARM.attributes
                0x00000292       0x21 ./Core/Startup/startup_stm32f401retx.o
 .ARM.attributes
                0x000002b3       0x34 ./Drivers/STM32F4xx_HAL_Driver/Src/stm32f4xx_hal.o
 .ARM.attributes
                0x000002e7       0x34 ./Drivers/STM32F4xx_HAL_Driver/Src/stm32f4xx_hal_adc.o
 .ARM.attributes
                0x0000031b       0x34 ./Drivers/STM32F4xx_HAL_Driver/Src/stm32f4xx_hal_cortex.o
 .ARM.attributes
                0x0000034f       0x34 ./Drivers/STM32F4xx_HAL_Driver/Src/stm32f4xx_hal_gpio.o
 .ARM.attributes
                0x00000383       0x34 ./Drivers/STM32F4xx_HAL_Driver/Src/stm32f4xx_hal_rcc.o
 .ARM.attributes
                0x000003b7       0x34 ./Drivers/STM32F4xx_HAL_Driver/Src/stm32f4xx_hal_spi.o
 .ARM.attributes
                0x000003eb       0x34 ./Drivers/STM32F4xx_HAL_Driver/Src/stm32f4xx_hal_tim.o
 .ARM.attributes
                0x0000041f       0x34 ./Drivers/STM32F4xx_HAL_Driver/Src/stm32f4xx_hal_tim_ex.o
 .ARM.attributes
                0x00000453       0x34 ./Drivers/STM32F4xx_HAL_Driver/Src/stm32f4xx_hal_uart.o
 .ARM.attributes
                0x00000487       0x34 /Applications/STM32CubeIDE.app/Contents/Eclipse/plugins/com.st.stm32cube.ide.mcu.externaltools.gnu-tools-for-stm32.13.3.rel1.macos64_1.0.0.202411102158/tools/bin/../lib/gcc/arm-none-eabi/13.3.1/../../../../arm-none-eabi/lib/thumb/v7e-m+fp/hard/libc_nano.a(libc_a-memset.o)
 .ARM.attributes
                0x000004bb       0x34 /Applications/STM32CubeIDE.app/Contents/Eclipse/plugins/com.st.stm32cube.ide.mcu.externaltools.gnu-tools-for-stm32.13.3.rel1.macos64_1.0.0.202411102158/tools/bin/../lib/gcc/arm-none-eabi/13.3.1/../../../../arm-none-eabi/lib/thumb/v7e-m+fp/hard/libc_nano.a(libc_a-init.o)
 .ARM.attributes
                0x000004ef       0x22 /Applications/STM32CubeIDE.app/Contents/Eclipse/plugins/com.st.stm32cube.ide.mcu.externaltools.gnu-tools-for-stm32.13.3.rel1.macos64_1.0.0.202411102158/tools/bin/../lib/gcc/arm-none-eabi/13.3.1/thumb/v7e-m+fp/hard/libgcc.a(_arm_addsubdf3.o)
 .ARM.attributes
                0x00000511       0x22 /Applications/STM32CubeIDE.app/Contents/Eclipse/plugins/com.st.stm32cube.ide.mcu.externaltools.gnu-tools-for-stm32.13.3.rel1.macos64_1.0.0.202411102158/tools/bin/../lib/gcc/arm-none-eabi/13.3.1/thumb/v7e-m+fp/hard/libgcc.a(_arm_muldivdf3.o)
 .ARM.attributes
                0x00000533       0x22 /Applications/STM32CubeIDE.app/Contents/Eclipse/plugins/com.st.stm32cube.ide.mcu.externaltools.gnu-tools-for-stm32.13.3.rel1.macos64_1.0.0.202411102158/tools/bin/../lib/gcc/arm-none-eabi/13.3.1/thumb/v7e-m+fp/hard/libgcc.a(_arm_truncdfsf2.o)
 .ARM.attributes
                0x00000555       0x22 /Applications/STM32CubeIDE.app/Contents/Eclipse/plugins/com.st.stm32cube.ide.mcu.externaltools.gnu-tools-for-stm32.13.3.rel1.macos64_1.0.0.202411102158/tools/bin/../lib/gcc/arm-none-eabi/13.3.1/thumb/v7e-m+fp/hard/libgcc.a(_aeabi_uldivmod.o)
 .ARM.attributes
                0x00000577       0x34 /Applications/STM32CubeIDE.app/Contents/Eclipse/plugins/com.st.stm32cube.ide.mcu.externaltools.gnu-tools-for-stm32.13.3.rel1.macos64_1.0.0.202411102158/tools/bin/../lib/gcc/arm-none-eabi/13.3.1/thumb/v7e-m+fp/hard/libgcc.a(_udivmoddi4.o)
 .ARM.attributes
                0x000005ab       0x22 /Applications/STM32CubeIDE.app/Contents/Eclipse/plugins/com.st.stm32cube.ide.mcu.externaltools.gnu-tools-for-stm32.13.3.rel1.macos64_1.0.0.202411102158/tools/bin/../lib/gcc/arm-none-eabi/13.3.1/thumb/v7e-m+fp/hard/libgcc.a(_dvmd_tls.o)
 .ARM.attributes
                0x000005cd       0x22 /Applications/STM32CubeIDE.app/Contents/Eclipse/plugins/com.st.stm32cube.ide.mcu.externaltools.gnu-tools-for-stm32.13.3.rel1.macos64_1.0.0.202411102158/tools/bin/../lib/gcc/arm-none-eabi/13.3.1/thumb/v7e-m+fp/hard/crtn.o
OUTPUT(Donkey_Kong.elf elf32-littlearm)
LOAD linker stubs
LOAD /Applications/STM32CubeIDE.app/Contents/Eclipse/plugins/com.st.stm32cube.ide.mcu.externaltools.gnu-tools-for-stm32.13.3.rel1.macos64_1.0.0.202411102158/tools/bin/../lib/gcc/arm-none-eabi/13.3.1/../../../../arm-none-eabi/lib/thumb/v7e-m+fp/hard/libc.a
LOAD /Applications/STM32CubeIDE.app/Contents/Eclipse/plugins/com.st.stm32cube.ide.mcu.externaltools.gnu-tools-for-stm32.13.3.rel1.macos64_1.0.0.202411102158/tools/bin/../lib/gcc/arm-none-eabi/13.3.1/../../../../arm-none-eabi/lib/thumb/v7e-m+fp/hard/libm.a
LOAD /Applications/STM32CubeIDE.app/Contents/Eclipse/plugins/com.st.stm32cube.ide.mcu.externaltools.gnu-tools-for-stm32.13.3.rel1.macos64_1.0.0.202411102158/tools/bin/../lib/gcc/arm-none-eabi/13.3.1/thumb/v7e-m+fp/hard/libgcc.a

.debug_info     0x00000000    0x137db
 .debug_info    0x00000000      0x19a ./Core/Inc/st7735/fonts.o
 .debug_info    0x0000019a      0xcd5 ./Core/Inc/st7735/st7735.o
 .debug_info    0x00000e6f      0x9ad ./Core/Src/audio.o
 .debug_info    0x0000181c      0x8d6 ./Core/Src/button.o
 .debug_info    0x000020f2      0xe30 ./Core/Src/game.o
 .debug_info    0x00002f22     0x1db2 ./Core/Src/main.o
 .debug_info    0x00004cd4      0x68d ./Core/Src/random.o
 .debug_info    0x00005361      0xa85 ./Core/Src/slider.o
 .debug_info    0x00005de6     0x1506 ./Core/Src/stm32f4xx_hal_msp.o
 .debug_info    0x000072ec      0xa02 ./Core/Src/stm32f4xx_it.o
 .debug_info    0x00007cee      0x53e ./Core/Src/system_stm32f4xx.o
 .debug_info    0x0000822c       0x30 ./Core/Startup/startup_stm32f401retx.o
 .debug_info    0x0000825c      0x8bb ./Drivers/STM32F4xx_HAL_Driver/Src/stm32f4xx_hal.o
 .debug_info    0x00008b17      0xce0 ./Drivers/STM32F4xx_HAL_Driver/Src/stm32f4xx_hal_adc.o
 .debug_info    0x000097f7      0xcf6 ./Drivers/STM32F4xx_HAL_Driver/Src/stm32f4xx_hal_cortex.o
 .debug_info    0x0000a4ed      0x6f9 ./Drivers/STM32F4xx_HAL_Driver/Src/stm32f4xx_hal_gpio.o
 .debug_info    0x0000abe6      0x905 ./Drivers/STM32F4xx_HAL_Driver/Src/stm32f4xx_hal_rcc.o
 .debug_info    0x0000b4eb     0x1530 ./Drivers/STM32F4xx_HAL_Driver/Src/stm32f4xx_hal_spi.o
 .debug_info    0x0000ca1b     0x2996 ./Drivers/STM32F4xx_HAL_Driver/Src/stm32f4xx_hal_tim.o
 .debug_info    0x0000f3b1     0x14d4 ./Drivers/STM32F4xx_HAL_Driver/Src/stm32f4xx_hal_tim_ex.o
 .debug_info    0x00010885     0x2f56 ./Drivers/STM32F4xx_HAL_Driver/Src/stm32f4xx_hal_uart.o

.debug_abbrev   0x00000000     0x2e3d
 .debug_abbrev  0x00000000       0xb3 ./Core/Inc/st7735/fonts.o
 .debug_abbrev  0x000000b3      0x2aa ./Core/Inc/st7735/st7735.o
 .debug_abbrev  0x0000035d      0x222 ./Core/Src/audio.o
 .debug_abbrev  0x0000057f      0x200 ./Core/Src/button.o
 .debug_abbrev  0x0000077f      0x2d7 ./Core/Src/game.o
 .debug_abbrev  0x00000a56      0x3d7 ./Core/Src/main.o
 .debug_abbrev  0x00000e2d      0x19e ./Core/Src/random.o
 .debug_abbrev  0x00000fcb      0x21a ./Core/Src/slider.o
 .debug_abbrev  0x000011e5      0x21f ./Core/Src/stm32f4xx_hal_msp.o
 .debug_abbrev  0x00001404      0x24a ./Core/Src/stm32f4xx_it.o
 .debug_abbrev  0x0000164e      0x11a ./Core/Src/system_stm32f4xx.o
 .debug_abbrev  0x00001768       0x24 ./Core/Startup/startup_stm32f401retx.o
 .debug_abbrev  0x0000178c      0x24b ./Drivers/STM32F4xx_HAL_Driver/Src/stm32f4xx_hal.o
 .debug_abbrev  0x000019d7      0x20e ./Drivers/STM32F4xx_HAL_Driver/Src/stm32f4xx_hal_adc.o
 .debug_abbrev  0x00001be5      0x31d ./Drivers/STM32F4xx_HAL_Driver/Src/stm32f4xx_hal_cortex.o
 .debug_abbrev  0x00001f02      0x1d3 ./Drivers/STM32F4xx_HAL_Driver/Src/stm32f4xx_hal_gpio.o
 .debug_abbrev  0x000020d5      0x2b6 ./Drivers/STM32F4xx_HAL_Driver/Src/stm32f4xx_hal_rcc.o
 .debug_abbrev  0x0000238b      0x276 ./Drivers/STM32F4xx_HAL_Driver/Src/stm32f4xx_hal_spi.o
 .debug_abbrev  0x00002601      0x28b ./Drivers/STM32F4xx_HAL_Driver/Src/stm32f4xx_hal_tim.o
 .debug_abbrev  0x0000288c      0x296 ./Drivers/STM32F4xx_HAL_Driver/Src/stm32f4xx_hal_tim_ex.o
 .debug_abbrev  0x00002b22      0x31b ./Drivers/STM32F4xx_HAL_Driver/Src/stm32f4xx_hal_uart.o

.debug_aranges  0x00000000     0x10d0
 .debug_aranges
                0x00000000       0x18 ./Core/Inc/st7735/fonts.o
 .debug_aranges
                0x00000018       0xa8 ./Core/Inc/st7735/st7735.o
 .debug_aranges
                0x000000c0       0x28 ./Core/Src/audio.o
 .debug_aranges
                0x000000e8       0x50 ./Core/Src/button.o
 .debug_aranges
                0x00000138       0x80 ./Core/Src/game.o
 .debug_aranges
                0x000001b8       0x80 ./Core/Src/main.o
 .debug_aranges
                0x00000238       0x28 ./Core/Src/random.o
 .debug_aranges
                0x00000260       0x40 ./Core/Src/slider.o
 .debug_aranges
                0x000002a0       0x60 ./Core/Src/stm32f4xx_hal_msp.o
 .debug_aranges
                0x00000300       0x88 ./Core/Src/stm32f4xx_it.o
 .debug_aranges
                0x00000388       0x28 ./Core/Src/system_stm32f4xx.o
 .debug_aranges
                0x000003b0       0x28 ./Core/Startup/startup_stm32f401retx.o
 .debug_aranges
                0x000003d8       0xf0 ./Drivers/STM32F4xx_HAL_Driver/Src/stm32f4xx_hal.o
 .debug_aranges
                0x000004c8       0xe8 ./Drivers/STM32F4xx_HAL_Driver/Src/stm32f4xx_hal_adc.o
 .debug_aranges
                0x000005b0      0x130 ./Drivers/STM32F4xx_HAL_Driver/Src/stm32f4xx_hal_cortex.o
 .debug_aranges
                0x000006e0       0x58 ./Drivers/STM32F4xx_HAL_Driver/Src/stm32f4xx_hal_gpio.o
 .debug_aranges
                0x00000738       0x88 ./Drivers/STM32F4xx_HAL_Driver/Src/stm32f4xx_hal_rcc.o
 .debug_aranges
                0x000007c0      0x1d0 ./Drivers/STM32F4xx_HAL_Driver/Src/stm32f4xx_hal_spi.o
 .debug_aranges
                0x00000990      0x3d0 ./Drivers/STM32F4xx_HAL_Driver/Src/stm32f4xx_hal_tim.o
 .debug_aranges
                0x00000d60      0x168 ./Drivers/STM32F4xx_HAL_Driver/Src/stm32f4xx_hal_tim_ex.o
 .debug_aranges
                0x00000ec8      0x208 ./Drivers/STM32F4xx_HAL_Driver/Src/stm32f4xx_hal_uart.o

.debug_macro    0x00000000    0x18acc
 .debug_macro   0x00000000       0x6d ./Core/Inc/st7735/fonts.o
 .debug_macro   0x0000006d      0xad8 ./Core/Inc/st7735/fonts.o
 .debug_macro   0x00000b45       0x22 ./Core/Inc/st7735/fonts.o
 .debug_macro   0x00000b67       0x8e ./Core/Inc/st7735/fonts.o
 .debug_macro   0x00000bf5       0x51 ./Core/Inc/st7735/fonts.o
 .debug_macro   0x00000c46      0x103 ./Core/Inc/st7735/fonts.o
 .debug_macro   0x00000d49       0x6a ./Core/Inc/st7735/fonts.o
 .debug_macro   0x00000db3      0x1df ./Core/Inc/st7735/fonts.o
 .debug_macro   0x00000f92      0x318 ./Core/Inc/st7735/st7735.o
 .debug_macro   0x000012aa      0x2a7 ./Core/Inc/st7735/st7735.o
 .debug_macro   0x00001551       0x2e ./Core/Inc/st7735/st7735.o
 .debug_macro   0x0000157f       0x28 ./Core/Inc/st7735/st7735.o
 .debug_macro   0x000015a7       0x1c ./Core/Inc/st7735/st7735.o
 .debug_macro   0x000015c3       0x22 ./Core/Inc/st7735/st7735.o
 .debug_macro   0x000015e5       0xfb ./Core/Inc/st7735/st7735.o
 .debug_macro   0x000016e0     0x1011 ./Core/Inc/st7735/st7735.o
 .debug_macro   0x000026f1      0x11f ./Core/Inc/st7735/st7735.o
 .debug_macro   0x00002810     0xb881 ./Core/Inc/st7735/st7735.o
 .debug_macro   0x0000e091       0x6d ./Core/Inc/st7735/st7735.o
 .debug_macro   0x0000e0fe     0x3693 ./Core/Inc/st7735/st7735.o
 .debug_macro   0x00011791      0x190 ./Core/Inc/st7735/st7735.o
 .debug_macro   0x00011921       0x5c ./Core/Inc/st7735/st7735.o
 .debug_macro   0x0001197d      0x416 ./Core/Inc/st7735/st7735.o
 .debug_macro   0x00011d93      0x9e9 ./Core/Inc/st7735/st7735.o
 .debug_macro   0x0001277c      0x115 ./Core/Inc/st7735/st7735.o
 .debug_macro   0x00012891       0xf8 ./Core/Inc/st7735/st7735.o
 .debug_macro   0x00012989       0xa5 ./Core/Inc/st7735/st7735.o
 .debug_macro   0x00012a2e      0x15f ./Core/Inc/st7735/st7735.o
 .debug_macro   0x00012b8d      0x287 ./Core/Inc/st7735/st7735.o
 .debug_macro   0x00012e14       0x5f ./Core/Inc/st7735/st7735.o
 .debug_macro   0x00012e73      0x236 ./Core/Inc/st7735/st7735.o
 .debug_macro   0x000130a9      0x9e1 ./Core/Inc/st7735/st7735.o
 .debug_macro   0x00013a8a      0x38b ./Core/Inc/st7735/st7735.o
 .debug_macro   0x00013e15      0x176 ./Core/Inc/st7735/st7735.o
 .debug_macro   0x00013f8b       0xf9 ./Core/Inc/st7735/st7735.o
 .debug_macro   0x00014084      0x132 ./Core/Inc/st7735/st7735.o
 .debug_macro   0x000141b6      0x264 ./Core/Inc/st7735/st7735.o
 .debug_macro   0x0001441a       0x2e ./Core/Inc/st7735/st7735.o
 .debug_macro   0x00014448      0x127 ./Core/Inc/st7735/st7735.o
 .debug_macro   0x0001456f       0x85 ./Core/Inc/st7735/st7735.o
 .debug_macro   0x000145f4       0x89 ./Core/Inc/st7735/st7735.o
 .debug_macro   0x0001467d      0x225 ./Core/Inc/st7735/st7735.o
 .debug_macro   0x000148a2      0x8ed ./Core/Inc/st7735/st7735.o
 .debug_macro   0x0001518f       0x47 ./Core/Inc/st7735/st7735.o
 .debug_macro   0x000151d6      0x2aa ./Core/Inc/st7735/st7735.o
 .debug_macro   0x00015480      0x126 ./Core/Inc/st7735/st7735.o
 .debug_macro   0x000155a6       0x22 ./Core/Inc/st7735/st7735.o
 .debug_macro   0x000155c8      0x196 ./Core/Inc/st7735/st7735.o
 .debug_macro   0x0001575e       0x61 ./Core/Inc/st7735/st7735.o
 .debug_macro   0x000157bf       0x2a ./Core/Inc/st7735/st7735.o
 .debug_macro   0x000157e9       0x43 ./Core/Inc/st7735/st7735.o
 .debug_macro   0x0001582c       0x34 ./Core/Inc/st7735/st7735.o
 .debug_macro   0x00015860      0x370 ./Core/Inc/st7735/st7735.o
 .debug_macro   0x00015bd0       0x16 ./Core/Inc/st7735/st7735.o
 .debug_macro   0x00015be6       0x4a ./Core/Inc/st7735/st7735.o
 .debug_macro   0x00015c30       0x34 ./Core/Inc/st7735/st7735.o
 .debug_macro   0x00015c64       0x10 ./Core/Inc/st7735/st7735.o
 .debug_macro   0x00015c74       0x58 ./Core/Inc/st7735/st7735.o
 .debug_macro   0x00015ccc       0x8e ./Core/Inc/st7735/st7735.o
 .debug_macro   0x00015d5a       0x1c ./Core/Inc/st7735/st7735.o
 .debug_macro   0x00015d76      0x185 ./Core/Inc/st7735/st7735.o
 .debug_macro   0x00015efb       0x3c ./Core/Inc/st7735/st7735.o
 .debug_macro   0x00015f37       0x3c ./Core/Inc/st7735/st7735.o
 .debug_macro   0x00015f73       0x16 ./Core/Inc/st7735/st7735.o
 .debug_macro   0x00015f89       0x20 ./Core/Inc/st7735/st7735.o
 .debug_macro   0x00015fa9      0x219 ./Core/Src/audio.o
 .debug_macro   0x000161c2      0x100 ./Core/Src/audio.o
 .debug_macro   0x000162c2      0x222 ./Core/Src/button.o
 .debug_macro   0x000164e4      0x276 ./Core/Src/game.o
 .debug_macro   0x0001675a       0x28 ./Core/Src/game.o
 .debug_macro   0x00016782      0x33c ./Core/Src/main.o
 .debug_macro   0x00016abe       0x2e ./Core/Src/main.o
 .debug_macro   0x00016aec       0x16 ./Core/Src/main.o
 .debug_macro   0x00016b02       0x10 ./Core/Src/main.o
 .debug_macro   0x00016b12       0x16 ./Core/Src/main.o
 .debug_macro   0x00016b28       0x16 ./Core/Src/main.o
 .debug_macro   0x00016b3e      0x146 ./Core/Src/main.o
 .debug_macro   0x00016c84      0x219 ./Core/Src/random.o
 .debug_macro   0x00016e9d      0x2eb ./Core/Src/slider.o
 .debug_macro   0x00017188       0x16 ./Core/Src/slider.o
 .debug_macro   0x0001719e       0x16 ./Core/Src/slider.o
 .debug_macro   0x000171b4       0x29 ./Core/Src/slider.o
 .debug_macro   0x000171dd      0x20f ./Core/Src/stm32f4xx_hal_msp.o
 .debug_macro   0x000173ec      0x244 ./Core/Src/stm32f4xx_it.o
 .debug_macro   0x00017630      0x200 ./Core/Src/system_stm32f4xx.o
 .debug_macro   0x00017830      0x260 ./Drivers/STM32F4xx_HAL_Driver/Src/stm32f4xx_hal.o
 .debug_macro   0x00017a90      0x201 ./Drivers/STM32F4xx_HAL_Driver/Src/stm32f4xx_hal_adc.o
 .debug_macro   0x00017c91      0x200 ./Drivers/STM32F4xx_HAL_Driver/Src/stm32f4xx_hal_cortex.o
 .debug_macro   0x00017e91      0x206 ./Drivers/STM32F4xx_HAL_Driver/Src/stm32f4xx_hal_gpio.o
 .debug_macro   0x00018097      0x224 ./Drivers/STM32F4xx_HAL_Driver/Src/stm32f4xx_hal_rcc.o
 .debug_macro   0x000182bb      0x20f ./Drivers/STM32F4xx_HAL_Driver/Src/stm32f4xx_hal_spi.o
 .debug_macro   0x000184ca      0x201 ./Drivers/STM32F4xx_HAL_Driver/Src/stm32f4xx_hal_tim.o
 .debug_macro   0x000186cb      0x200 ./Drivers/STM32F4xx_HAL_Driver/Src/stm32f4xx_hal_tim_ex.o
 .debug_macro   0x000188cb      0x201 ./Drivers/STM32F4xx_HAL_Driver/Src/stm32f4xx_hal_uart.o

.debug_line     0x00000000    0x13aec
 .debug_line    0x00000000      0x39a ./Core/Inc/st7735/fonts.o
 .debug_line    0x0000039a      0xcec ./Core/Inc/st7735/st7735.o
 .debug_line    0x00001086      0x7b6 ./Core/Src/audio.o
 .debug_line    0x0000183c      0x838 ./Core/Src/button.o
 .debug_line    0x00002074     0x10a9 ./Core/Src/game.o
 .debug_line    0x0000311d      0xcbf ./Core/Src/main.o
 .debug_line    0x00003ddc      0x75c ./Core/Src/random.o
 .debug_line    0x00004538      0x95a ./Core/Src/slider.o
 .debug_line    0x00004e92      0x8a7 ./Core/Src/stm32f4xx_hal_msp.o
 .debug_line    0x00005739      0x8a4 ./Core/Src/stm32f4xx_it.o
 .debug_line    0x00005fdd      0x7af ./Core/Src/system_stm32f4xx.o
 .debug_line    0x0000678c       0x7a ./Core/Startup/startup_stm32f401retx.o
 .debug_line    0x00006806      0xa2b ./Drivers/STM32F4xx_HAL_Driver/Src/stm32f4xx_hal.o
 .debug_line    0x00007231     0x1176 ./Drivers/STM32F4xx_HAL_Driver/Src/stm32f4xx_hal_adc.o
 .debug_line    0x000083a7      0xcfb ./Drivers/STM32F4xx_HAL_Driver/Src/stm32f4xx_hal_cortex.o
 .debug_line    0x000090a2      0xb47 ./Drivers/STM32F4xx_HAL_Driver/Src/stm32f4xx_hal_gpio.o
 .debug_line    0x00009be9      0xe3a ./Drivers/STM32F4xx_HAL_Driver/Src/stm32f4xx_hal_rcc.o
 .debug_line    0x0000aa23     0x1cc6 ./Drivers/STM32F4xx_HAL_Driver/Src/stm32f4xx_hal_spi.o
 .debug_line    0x0000c6e9     0x356a ./Drivers/STM32F4xx_HAL_Driver/Src/stm32f4xx_hal_tim.o
 .debug_line    0x0000fc53     0x1926 ./Drivers/STM32F4xx_HAL_Driver/Src/stm32f4xx_hal_tim_ex.o
 .debug_line    0x00011579     0x2573 ./Drivers/STM32F4xx_HAL_Driver/Src/stm32f4xx_hal_uart.o

.debug_str      0x00000000    0x9bf14
 .debug_str     0x00000000    0x9bf14 ./Core/Inc/st7735/fonts.o
                               0x3e31 (size before relaxing)
 .debug_str     0x0009bf14    0x97169 ./Core/Inc/st7735/st7735.o
 .debug_str     0x0009bf14    0x93c93 ./Core/Src/audio.o
 .debug_str     0x0009bf14    0x93cb5 ./Core/Src/button.o
 .debug_str     0x0009bf14    0x94219 ./Core/Src/game.o
 .debug_str     0x0009bf14    0x988df ./Core/Src/main.o
 .debug_str     0x0009bf14    0x93b10 ./Core/Src/random.o
 .debug_str     0x0009bf14    0x96fe2 ./Core/Src/slider.o
 .debug_str     0x0009bf14    0x94625 ./Core/Src/stm32f4xx_hal_msp.o
 .debug_str     0x0009bf14    0x93dcd ./Core/Src/stm32f4xx_it.o
 .debug_str     0x0009bf14    0x93372 ./Core/Src/system_stm32f4xx.o
 .debug_str     0x0009bf14       0x92 ./Core/Startup/startup_stm32f401retx.o
 .debug_str     0x0009bf14    0x93d94 ./Drivers/STM32F4xx_HAL_Driver/Src/stm32f4xx_hal.o
 .debug_str     0x0009bf14    0x9394d ./Drivers/STM32F4xx_HAL_Driver/Src/stm32f4xx_hal_adc.o
 .debug_str     0x0009bf14    0x93afe ./Drivers/STM32F4xx_HAL_Driver/Src/stm32f4xx_hal_cortex.o
 .debug_str     0x0009bf14    0x934ed ./Drivers/STM32F4xx_HAL_Driver/Src/stm32f4xx_hal_gpio.o
 .debug_str     0x0009bf14    0x937a6 ./Drivers/STM32F4xx_HAL_Driver/Src/stm32f4xx_hal_rcc.o
 .debug_str     0x0009bf14    0x93c1e ./Drivers/STM32F4xx_HAL_Driver/Src/stm32f4xx_hal_spi.o
 .debug_str     0x0009bf14    0x946ea ./Drivers/STM32F4xx_HAL_Driver/Src/stm32f4xx_hal_tim.o
 .debug_str     0x0009bf14    0x93ef6 ./Drivers/STM32F4xx_HAL_Driver/Src/stm32f4xx_hal_tim_ex.o
 .debug_str     0x0009bf14    0x93d75 ./Drivers/STM32F4xx_HAL_Driver/Src/stm32f4xx_hal_uart.o

.comment        0x00000000       0x43
 .comment       0x00000000       0x43 ./Core/Inc/st7735/fonts.o
                                 0x44 (size before relaxing)
 .comment       0x00000043       0x44 ./Core/Inc/st7735/st7735.o
 .comment       0x00000043       0x44 ./Core/Src/audio.o
 .comment       0x00000043       0x44 ./Core/Src/button.o
 .comment       0x00000043       0x44 ./Core/Src/game.o
 .comment       0x00000043       0x44 ./Core/Src/main.o
 .comment       0x00000043       0x44 ./Core/Src/random.o
 .comment       0x00000043       0x44 ./Core/Src/slider.o
 .comment       0x00000043       0x44 ./Core/Src/stm32f4xx_hal_msp.o
 .comment       0x00000043       0x44 ./Core/Src/stm32f4xx_it.o
 .comment       0x00000043       0x44 ./Core/Src/system_stm32f4xx.o
 .comment       0x00000043       0x44 ./Drivers/STM32F4xx_HAL_Driver/Src/stm32f4xx_hal.o
 .comment       0x00000043       0x44 ./Drivers/STM32F4xx_HAL_Driver/Src/stm32f4xx_hal_adc.o
 .comment       0x00000043       0x44 ./Drivers/STM32F4xx_HAL_Driver/Src/stm32f4xx_hal_cortex.o
 .comment       0x00000043       0x44 ./Drivers/STM32F4xx_HAL_Driver/Src/stm32f4xx_hal_gpio.o
 .comment       0x00000043       0x44 ./Drivers/STM32F4xx_HAL_Driver/Src/stm32f4xx_hal_rcc.o
 .comment       0x00000043       0x44 ./Drivers/STM32F4xx_HAL_Driver/Src/stm32f4xx_hal_spi.o
 .comment       0x00000043       0x44 ./Drivers/STM32F4xx_HAL_Driver/Src/stm32f4xx_hal_tim.o
 .comment       0x00000043       0x44 ./Drivers/STM32F4xx_HAL_Driver/Src/stm32f4xx_hal_tim_ex.o
 .comment       0x00000043       0x44 ./Drivers/STM32F4xx_HAL_Driver/Src/stm32f4xx_hal_uart.o

.debug_rnglists
                0x00000000      0xd08
 .debug_rnglists
                0x00000000       0x7f ./Core/Inc/st7735/st7735.o
 .debug_rnglists
                0x0000007f       0x1a ./Core/Src/audio.o
 .debug_rnglists
                0x00000099       0x37 ./Core/Src/button.o
 .debug_rnglists
                0x000000d0       0x63 ./Core/Src/game.o
 .debug_rnglists
                0x00000133       0x62 ./Core/Src/main.o
 .debug_rnglists
                0x00000195       0x19 ./Core/Src/random.o
 .debug_rnglists
                0x000001ae       0x2c ./Core/Src/slider.o
 .debug_rnglists
                0x000001da       0x47 ./Core/Src/stm32f4xx_hal_msp.o
 .debug_rnglists
                0x00000221       0x61 ./Core/Src/stm32f4xx_it.o
 .debug_rnglists
                0x00000282       0x1a ./Core/Src/system_stm32f4xx.o
 .debug_rnglists
                0x0000029c       0x19 ./Core/Startup/startup_stm32f401retx.o
 .debug_rnglists
                0x000002b5       0xaf ./Drivers/STM32F4xx_HAL_Driver/Src/stm32f4xx_hal.o
 .debug_rnglists
                0x00000364       0xb5 ./Drivers/STM32F4xx_HAL_Driver/Src/stm32f4xx_hal_adc.o
 .debug_rnglists
                0x00000419       0xe0 ./Drivers/STM32F4xx_HAL_Driver/Src/stm32f4xx_hal_cortex.o
 .debug_rnglists
                0x000004f9       0x3f ./Drivers/STM32F4xx_HAL_Driver/Src/stm32f4xx_hal_gpio.o
 .debug_rnglists
                0x00000538       0x66 ./Drivers/STM32F4xx_HAL_Driver/Src/stm32f4xx_hal_rcc.o
 .debug_rnglists
                0x0000059e      0x16f ./Drivers/STM32F4xx_HAL_Driver/Src/stm32f4xx_hal_spi.o
 .debug_rnglists
                0x0000070d      0x31a ./Drivers/STM32F4xx_HAL_Driver/Src/stm32f4xx_hal_tim.o
 .debug_rnglists
                0x00000a27      0x125 ./Drivers/STM32F4xx_HAL_Driver/Src/stm32f4xx_hal_tim_ex.o
 .debug_rnglists
                0x00000b4c      0x1bc ./Drivers/STM32F4xx_HAL_Driver/Src/stm32f4xx_hal_uart.o

.debug_frame    0x00000000     0x46f4
 .debug_frame   0x00000000      0x2a4 ./Core/Inc/st7735/st7735.o
 .debug_frame   0x000002a4       0x58 ./Core/Src/audio.o
 .debug_frame   0x000002fc       0xe8 ./Core/Src/button.o
 .debug_frame   0x000003e4      0x20c ./Core/Src/game.o
 .debug_frame   0x000005f0      0x1c8 ./Core/Src/main.o
 .debug_frame   0x000007b8       0x58 ./Core/Src/random.o
 .debug_frame   0x00000810       0xb4 ./Core/Src/slider.o
 .debug_frame   0x000008c4      0x158 ./Core/Src/stm32f4xx_hal_msp.o
 .debug_frame   0x00000a1c      0x190 ./Core/Src/stm32f4xx_it.o
 .debug_frame   0x00000bac       0x58 ./Core/Src/system_stm32f4xx.o
 .debug_frame   0x00000c04      0x374 ./Drivers/STM32F4xx_HAL_Driver/Src/stm32f4xx_hal.o
 .debug_frame   0x00000f78      0x3fc ./Drivers/STM32F4xx_HAL_Driver/Src/stm32f4xx_hal_adc.o
 .debug_frame   0x00001374      0x508 ./Drivers/STM32F4xx_HAL_Driver/Src/stm32f4xx_hal_cortex.o
 .debug_frame   0x0000187c      0x14c ./Drivers/STM32F4xx_HAL_Driver/Src/stm32f4xx_hal_gpio.o
 .debug_frame   0x000019c8      0x1f4 ./Drivers/STM32F4xx_HAL_Driver/Src/stm32f4xx_hal_rcc.o
 .debug_frame   0x00001bbc      0x828 ./Drivers/STM32F4xx_HAL_Driver/Src/stm32f4xx_hal_spi.o
 .debug_frame   0x000023e4     0x11b8 ./Drivers/STM32F4xx_HAL_Driver/Src/stm32f4xx_hal_tim.o
 .debug_frame   0x0000359c      0x638 ./Drivers/STM32F4xx_HAL_Driver/Src/stm32f4xx_hal_tim_ex.o
 .debug_frame   0x00003bd4      0x954 ./Drivers/STM32F4xx_HAL_Driver/Src/stm32f4xx_hal_uart.o
 .debug_frame   0x00004528       0x20 /Applications/STM32CubeIDE.app/Contents/Eclipse/plugins/com.st.stm32cube.ide.mcu.externaltools.gnu-tools-for-stm32.13.3.rel1.macos64_1.0.0.202411102158/tools/bin/../lib/gcc/arm-none-eabi/13.3.1/../../../../arm-none-eabi/lib/thumb/v7e-m+fp/hard/libc_nano.a(libc_a-memset.o)
 .debug_frame   0x00004548       0x2c /Applications/STM32CubeIDE.app/Contents/Eclipse/plugins/com.st.stm32cube.ide.mcu.externaltools.gnu-tools-for-stm32.13.3.rel1.macos64_1.0.0.202411102158/tools/bin/../lib/gcc/arm-none-eabi/13.3.1/../../../../arm-none-eabi/lib/thumb/v7e-m+fp/hard/libc_nano.a(libc_a-init.o)
 .debug_frame   0x00004574       0xac /Applications/STM32CubeIDE.app/Contents/Eclipse/plugins/com.st.stm32cube.ide.mcu.externaltools.gnu-tools-for-stm32.13.3.rel1.macos64_1.0.0.202411102158/tools/bin/../lib/gcc/arm-none-eabi/13.3.1/thumb/v7e-m+fp/hard/libgcc.a(_arm_addsubdf3.o)
 .debug_frame   0x00004620       0x50 /Applications/STM32CubeIDE.app/Contents/Eclipse/plugins/com.st.stm32cube.ide.mcu.externaltools.gnu-tools-for-stm32.13.3.rel1.macos64_1.0.0.202411102158/tools/bin/../lib/gcc/arm-none-eabi/13.3.1/thumb/v7e-m+fp/hard/libgcc.a(_arm_muldivdf3.o)
 .debug_frame   0x00004670       0x24 /Applications/STM32CubeIDE.app/Contents/Eclipse/plugins/com.st.stm32cube.ide.mcu.externaltools.gnu-tools-for-stm32.13.3.rel1.macos64_1.0.0.202411102158/tools/bin/../lib/gcc/arm-none-eabi/13.3.1/thumb/v7e-m+fp/hard/libgcc.a(_arm_truncdfsf2.o)
 .debug_frame   0x00004694       0x2c /Applications/STM32CubeIDE.app/Contents/Eclipse/plugins/com.st.stm32cube.ide.mcu.externaltools.gnu-tools-for-stm32.13.3.rel1.macos64_1.0.0.202411102158/tools/bin/../lib/gcc/arm-none-eabi/13.3.1/thumb/v7e-m+fp/hard/libgcc.a(_aeabi_uldivmod.o)
 .debug_frame   0x000046c0       0x34 /Applications/STM32CubeIDE.app/Contents/Eclipse/plugins/com.st.stm32cube.ide.mcu.externaltools.gnu-tools-for-stm32.13.3.rel1.macos64_1.0.0.202411102158/tools/bin/../lib/gcc/arm-none-eabi/13.3.1/thumb/v7e-m+fp/hard/libgcc.a(_udivmoddi4.o)

.debug_line_str
                0x00000000       0x76
 .debug_line_str
                0x00000000       0x76 ./Core/Startup/startup_stm32f401retx.o
