../Drivers/CMSIS/Include/core_cm4.h:2064:26:ITM_SendChar	16	static,ignoring_inline_asm
../Core/Src/main.c:85:5:main	8	static
../Core/Src/main.c:157:6:SystemClock_Config	88	static
../Core/Src/main.c:204:13:MX_ADC1_Init	24	static
../Core/Src/main.c:256:13:MX_SPI2_Init	8	static
../Core/Src/main.c:294:13:MX_TIM2_Init	32	static
../Core/Src/main.c:339:13:MX_TIM5_Init	32	static
../Core/Src/main.c:384:13:MX_USART2_UART_Init	8	static
../Core/Src/main.c:417:13:MX_GPIO_Init	48	static
../Core/Src/main.c:489:5:_write	32	static
../Core/Src/main.c:499:6:loop	32	static
../Core/Src/main.c:571:6:Error_Handler	4	static,ignoring_inline_asm
