../Drivers/CMSIS/Include/core_cm4.h:2064:26:ITM_SendChar	16	static,ignoring_inline_asm
../Core/Src/main.c:77:5:main	8	static
../Core/Src/main.c:145:6:SystemClock_Config	88	static
../Core/Src/main.c:192:13:MX_ADC1_Init	24	static
../Core/Src/main.c:244:13:MX_TIM2_Init	32	static
../Core/Src/main.c:289:13:MX_TIM5_Init	32	static
../Core/Src/main.c:334:13:MX_USART2_UART_Init	8	static
../Core/Src/main.c:367:13:MX_GPIO_Init	48	static
../Core/Src/main.c:436:5:_write	32	static
../Core/Src/main.c:453:6:Error_Handler	4	static,ignoring_inline_asm
